/Users/harry/git/jfreechart/src/main/java/org/jfree/chart/swing/ApplicationFrame.java
/Users/harry/git/jfreechart/src/main/java/org/jfree/chart/annotations/XYAnnotation.java
/Users/harry/git/jfreechart/src/main/java/org/jfree/chart/renderer/category/LevelRenderer.java
/Users/harry/git/jfreechart/src/main/java/org/jfree/data/general/KeyedValuesDataset.java
/Users/harry/git/jfreechart/src/main/java/org/jfree/chart/plot/compass/LineNeedle.java
/Users/harry/git/jfreechart/src/main/java/org/jfree/chart/entity/TickLabelEntity.java
/Users/harry/git/jfreechart/src/main/java/org/jfree/data/function/Function2D.java
/Users/harry/git/jfreechart/src/main/java/org/jfree/chart/swing/editor/DefaultChartEditorFactory.java
/Users/harry/git/jfreechart/src/main/java/org/jfree/chart/renderer/WaferMapRenderer.java
/Users/harry/git/jfreechart/src/main/java/org/jfree/chart/swing/editor/PaintSample.java
/Users/harry/git/jfreechart/src/main/java/org/jfree/chart/urls/XYURLGenerator.java
/Users/harry/git/jfreechart/src/main/java/org/jfree/chart/ChartTheme.java
/Users/harry/git/jfreechart/src/main/java/org/jfree/chart/block/CenterArrangement.java
/Users/harry/git/jfreechart/src/main/java/org/jfree/chart/axis/DateTickMarkPosition.java
/Users/harry/git/jfreechart/src/main/java/org/jfree/chart/annotations/XYBoxAnnotation.java
/Users/harry/git/jfreechart/src/main/java/org/jfree/chart/axis/AxisLocation.java
/Users/harry/git/jfreechart/src/main/java/org/jfree/chart/axis/Timeline.java
/Users/harry/git/jfreechart/src/main/java/org/jfree/chart/axis/AxisSpace.java
/Users/harry/git/jfreechart/src/main/java/org/jfree/chart/axis/LogTick.java
/Users/harry/git/jfreechart/src/main/java/org/jfree/chart/labels/XYSeriesLabelGenerator.java
/Users/harry/git/jfreechart/src/main/java/org/jfree/chart/util/StandardGradientPaintTransformer.java
/Users/harry/git/jfreechart/src/main/java/org/jfree/data/time/Day.java
/Users/harry/git/jfreechart/src/main/java/org/jfree/chart/swing/editor/DefaultValueAxisEditor.java
/Users/harry/git/jfreechart/src/main/java/org/jfree/chart/renderer/AbstractRenderer.java
/Users/harry/git/jfreechart/src/main/java/org/jfree/data/resources/DataPackageResources_pl.java
/Users/harry/git/jfreechart/src/main/java/org/jfree/data/time/ohlc/OHLC.java
/Users/harry/git/jfreechart/src/main/java/org/jfree/chart/urls/TimeSeriesURLGenerator.java
/Users/harry/git/jfreechart/src/main/java/org/jfree/chart/renderer/xy/XYStepAreaRenderer.java
/Users/harry/git/jfreechart/src/main/java/org/jfree/chart/block/BlockFrame.java
/Users/harry/git/jfreechart/src/main/java/org/jfree/data/category/DefaultIntervalCategoryDataset.java
/Users/harry/git/jfreechart/src/main/java/org/jfree/data/general/AbstractSeriesDataset.java
/Users/harry/git/jfreechart/src/main/java/org/jfree/chart/swing/package-info.java
/Users/harry/git/jfreechart/src/main/java/org/jfree/data/xy/AbstractIntervalXYDataset.java
/Users/harry/git/jfreechart/src/main/java/org/jfree/chart/StandardChartTheme.java
/Users/harry/git/jfreechart/src/main/java/org/jfree/chart/renderer/xy/XYBezierRenderer.java
/Users/harry/git/jfreechart/src/main/java/org/jfree/data/time/Second.java
/Users/harry/git/jfreechart/src/main/java/org/jfree/data/gantt/Task.java
/Users/harry/git/jfreechart/src/main/java/org/jfree/chart/renderer/xy/XYStepRenderer.java
/Users/harry/git/jfreechart/src/main/java/org/jfree/chart/labels/ItemLabelAnchor.java
/Users/harry/git/jfreechart/src/main/java/org/jfree/data/statistics/BoxAndWhiskerXYDataset.java
/Users/harry/git/jfreechart/src/main/java/org/jfree/chart/axis/LogAxis.java
/Users/harry/git/jfreechart/src/main/java/org/jfree/chart/renderer/xy/AbstractXYItemRenderer.java
/Users/harry/git/jfreechart/src/main/java/org/jfree/chart/axis/NumberTick.java
/Users/harry/git/jfreechart/src/main/java/org/jfree/chart/ChartUtils.java
/Users/harry/git/jfreechart/src/main/java/org/jfree/chart/axis/ModuloAxis.java
/Users/harry/git/jfreechart/src/main/java/org/jfree/chart/plot/DrawingSupplier.java
/Users/harry/git/jfreechart/src/main/java/org/jfree/chart/swing/ChartPanel.java
/Users/harry/git/jfreechart/src/main/java/org/jfree/chart/labels/CategorySeriesLabelGenerator.java
/Users/harry/git/jfreechart/src/main/java/org/jfree/chart/renderer/category/StatisticalLineAndShapeRenderer.java
/Users/harry/git/jfreechart/src/main/java/org/jfree/chart/labels/AbstractXYItemLabelGenerator.java
/Users/harry/git/jfreechart/src/main/java/org/jfree/data/general/DefaultKeyedValues2DDataset.java
/Users/harry/git/jfreechart/src/main/java/org/jfree/chart/renderer/PolarItemRenderer.java
/Users/harry/git/jfreechart/src/main/java/org/jfree/chart/renderer/xy/StackedXYAreaRenderer2.java
/Users/harry/git/jfreechart/src/main/java/org/jfree/data/statistics/MultiValueCategoryDataset.java
/Users/harry/git/jfreechart/src/main/java/org/jfree/data/xy/VectorSeriesCollection.java
/Users/harry/git/jfreechart/src/main/java/org/jfree/chart/annotations/XYPointerAnnotation.java
/Users/harry/git/jfreechart/src/main/java/org/jfree/data/json/impl/JSONArray.java
/Users/harry/git/jfreechart/src/main/java/org/jfree/chart/annotations/XYDataImageAnnotation.java
/Users/harry/git/jfreechart/src/main/java/org/jfree/chart/event/MarkerChangeEvent.java
/Users/harry/git/jfreechart/src/main/java/org/jfree/data/DefaultKeyedValues2D.java
/Users/harry/git/jfreechart/src/main/java/org/jfree/data/flow/FlowDataset.java
/Users/harry/git/jfreechart/src/main/java/org/jfree/data/xy/IntervalXYDataset.java
/Users/harry/git/jfreechart/src/main/java/org/jfree/chart/date/SerialDate.java
/Users/harry/git/jfreechart/src/main/java/org/jfree/chart/plot/dial/DialTextAnnotation.java
/Users/harry/git/jfreechart/src/main/java/org/jfree/chart/annotations/package-info.java
/Users/harry/git/jfreechart/src/main/java/org/jfree/data/xy/YIntervalSeries.java
/Users/harry/git/jfreechart/src/main/java/org/jfree/data/general/HeatMapUtils.java
/Users/harry/git/jfreechart/src/main/java/org/jfree/data/function/NormalDistributionFunction2D.java
/Users/harry/git/jfreechart/src/main/java/org/jfree/data/xy/XIntervalDataItem.java
/Users/harry/git/jfreechart/src/main/java/org/jfree/chart/renderer/xy/YIntervalRenderer.java
/Users/harry/git/jfreechart/src/main/java/org/jfree/data/statistics/DefaultStatisticalCategoryDataset.java
/Users/harry/git/jfreechart/src/main/java/org/jfree/data/xml/DatasetTags.java
/Users/harry/git/jfreechart/src/main/java/org/jfree/data/general/PieDataset.java
/Users/harry/git/jfreechart/src/main/java/org/jfree/chart/plot/DefaultDrawingSupplier.java
/Users/harry/git/jfreechart/src/main/java/org/jfree/chart/plot/dial/DialScale.java
/Users/harry/git/jfreechart/src/main/java/org/jfree/chart/plot/pie/PieLabelRecord.java
/Users/harry/git/jfreechart/src/main/java/org/jfree/chart/plot/Plot.java
/Users/harry/git/jfreechart/src/main/java/org/jfree/chart/util/package-info.java
/Users/harry/git/jfreechart/src/main/java/org/jfree/chart/renderer/xy/VectorRenderer.java
/Users/harry/git/jfreechart/src/main/java/org/jfree/chart/util/DefaultShadowGenerator.java
/Users/harry/git/jfreechart/src/main/java/org/jfree/chart/labels/BoxAndWhiskerXYToolTipGenerator.java
/Users/harry/git/jfreechart/src/main/java/org/jfree/data/statistics/DefaultBoxAndWhiskerCategoryDataset.java
/Users/harry/git/jfreechart/src/main/java/org/jfree/data/general/SeriesChangeListener.java
/Users/harry/git/jfreechart/src/main/java/org/jfree/data/KeyedValue.java
/Users/harry/git/jfreechart/src/main/java/org/jfree/data/xy/DefaultWindDataset.java
/Users/harry/git/jfreechart/src/main/java/org/jfree/chart/text/TextFragment.java
/Users/harry/git/jfreechart/src/main/java/org/jfree/chart/plot/flow/package-info.java
/Users/harry/git/jfreechart/src/main/java/org/jfree/chart/renderer/xy/ClusteredXYBarRenderer.java
/Users/harry/git/jfreechart/src/main/java/org/jfree/chart/block/BlockParams.java
/Users/harry/git/jfreechart/src/main/java/org/jfree/data/general/SeriesException.java
/Users/harry/git/jfreechart/src/main/java/org/jfree/chart/api/RectangleEdge.java
/Users/harry/git/jfreechart/src/main/java/org/jfree/chart/plot/CombinedRangeCategoryPlot.java
/Users/harry/git/jfreechart/src/main/java/org/jfree/data/resources/DataPackageResources.java
/Users/harry/git/jfreechart/src/main/java/org/jfree/data/xy/XYDataset.java
/Users/harry/git/jfreechart/src/main/java/org/jfree/chart/renderer/xy/DeviationRenderer.java
/Users/harry/git/jfreechart/src/main/java/org/jfree/chart/labels/StandardPieSectionLabelGenerator.java
/Users/harry/git/jfreechart/src/main/java/org/jfree/chart/renderer/DefaultPolarItemRenderer.java
/Users/harry/git/jfreechart/src/main/java/org/jfree/chart/renderer/category/CategoryItemRendererState.java
/Users/harry/git/jfreechart/src/main/java/org/jfree/chart/internal/ShapeUtils.java
/Users/harry/git/jfreechart/src/main/java/org/jfree/data/time/Quarter.java
/Users/harry/git/jfreechart/src/main/java/org/jfree/chart/labels/CustomXYToolTipGenerator.java
/Users/harry/git/jfreechart/src/main/java/org/jfree/chart/imagemap/StandardURLTagFragmentGenerator.java
/Users/harry/git/jfreechart/src/main/java/org/jfree/chart/text/TextMeasurer.java
/Users/harry/git/jfreechart/src/main/java/org/jfree/data/gantt/TaskSeriesCollection.java
/Users/harry/git/jfreechart/src/main/java/org/jfree/data/gantt/SlidingGanttCategoryDataset.java
/Users/harry/git/jfreechart/src/main/java/org/jfree/chart/plot/PlotState.java
/Users/harry/git/jfreechart/src/main/java/org/jfree/chart/imagemap/URLTagFragmentGenerator.java
/Users/harry/git/jfreechart/src/main/java/org/jfree/chart/plot/dial/DialPointer.java
/Users/harry/git/jfreechart/src/main/java/org/jfree/chart/labels/MultipleXYSeriesLabelGenerator.java
/Users/harry/git/jfreechart/src/main/java/org/jfree/chart/urls/CategoryURLGenerator.java
/Users/harry/git/jfreechart/src/main/java/org/jfree/chart/renderer/category/StandardBarPainter.java
/Users/harry/git/jfreechart/src/main/java/org/jfree/chart/plot/compass/CompassPlot.java
/Users/harry/git/jfreechart/src/main/java/org/jfree/chart/api/HorizontalAlignment.java
/Users/harry/git/jfreechart/src/main/java/org/jfree/chart/plot/RingPlot.java
/Users/harry/git/jfreechart/src/main/java/org/jfree/chart/encoders/SunPNGEncoderAdapter.java
/Users/harry/git/jfreechart/src/main/java/org/jfree/chart/block/Block.java
/Users/harry/git/jfreechart/src/main/java/org/jfree/data/xy/XYDataItem.java
/Users/harry/git/jfreechart/src/main/java/org/jfree/chart/block/BorderArrangement.java
/Users/harry/git/jfreechart/src/main/java/org/jfree/chart/axis/NumberAxis.java
/Users/harry/git/jfreechart/src/main/java/org/jfree/data/xy/Vector.java
/Users/harry/git/jfreechart/src/main/java/org/jfree/chart/event/AxisChangeEvent.java
/Users/harry/git/jfreechart/src/main/java/org/jfree/data/KeyToGroupMap.java
/Users/harry/git/jfreechart/src/main/java/org/jfree/chart/title/TextTitle.java
/Users/harry/git/jfreechart/src/main/java/org/jfree/data/general/HeatMapDataset.java
/Users/harry/git/jfreechart/src/main/java/org/jfree/chart/entity/PlotEntity.java
/Users/harry/git/jfreechart/src/main/java/org/jfree/chart/event/PlotChangeListener.java
/Users/harry/git/jfreechart/src/main/java/org/jfree/chart/labels/StandardXYToolTipGenerator.java
/Users/harry/git/jfreechart/src/main/java/org/jfree/chart/renderer/xy/XYErrorRenderer.java
/Users/harry/git/jfreechart/src/main/java/org/jfree/chart/renderer/package-info.java
/Users/harry/git/jfreechart/src/main/java/org/jfree/chart/block/EntityBlockResult.java
/Users/harry/git/jfreechart/src/main/java/org/jfree/chart/text/format/RelativeDateFormat.java
/Users/harry/git/jfreechart/src/main/java/org/jfree/chart/plot/dial/DialLayerChangeListener.java
/Users/harry/git/jfreechart/src/main/java/org/jfree/data/Range.java
/Users/harry/git/jfreechart/src/main/java/org/jfree/data/xy/DefaultHighLowDataset.java
/Users/harry/git/jfreechart/src/main/java/org/jfree/chart/labels/IntervalCategoryToolTipGenerator.java
/Users/harry/git/jfreechart/src/main/java/org/jfree/chart/axis/CyclicNumberAxis.java
/Users/harry/git/jfreechart/src/main/java/org/jfree/chart/block/package-info.java
/Users/harry/git/jfreechart/src/main/java/org/jfree/chart/internal/Args.java
/Users/harry/git/jfreechart/src/main/java/org/jfree/chart/renderer/category/CategoryStepRenderer.java
/Users/harry/git/jfreechart/src/main/java/org/jfree/data/xy/DefaultOHLCDataset.java
/Users/harry/git/jfreechart/src/main/java/org/jfree/chart/title/Title.java
/Users/harry/git/jfreechart/src/main/java/org/jfree/chart/axis/LogarithmicAxis.java
/Users/harry/git/jfreechart/src/main/java/org/jfree/chart/annotations/XYShapeAnnotation.java
/Users/harry/git/jfreechart/src/main/java/org/jfree/data/json/impl/JSONAware.java
/Users/harry/git/jfreechart/src/main/java/org/jfree/data/statistics/SimpleHistogramBin.java
/Users/harry/git/jfreechart/src/main/java/org/jfree/chart/renderer/category/LineAndShapeRenderer.java
/Users/harry/git/jfreechart/src/main/java/org/jfree/chart/plot/Pannable.java
/Users/harry/git/jfreechart/src/main/java/org/jfree/chart/plot/WaferMapPlot.java
/Users/harry/git/jfreechart/src/main/java/org/jfree/chart/util/GradientPaintTransformType.java
/Users/harry/git/jfreechart/src/main/java/org/jfree/chart/block/ColorBlock.java
/Users/harry/git/jfreechart/src/main/java/org/jfree/chart/encoders/ImageEncoder.java
/Users/harry/git/jfreechart/src/main/java/org/jfree/chart/api/VerticalAlignment.java
/Users/harry/git/jfreechart/src/main/java/org/jfree/chart/renderer/PaintScale.java
/Users/harry/git/jfreechart/src/main/java/org/jfree/chart/text/format/HMSNumberFormat.java
/Users/harry/git/jfreechart/src/main/java/org/jfree/data/time/TimeSeries.java
/Users/harry/git/jfreechart/src/main/java/org/jfree/chart/plot/dial/StandardDialScale.java
/Users/harry/git/jfreechart/src/main/java/org/jfree/chart/urls/CustomCategoryURLGenerator.java
/Users/harry/git/jfreechart/src/main/java/org/jfree/chart/text/TextLine.java
/Users/harry/git/jfreechart/src/main/java/org/jfree/data/statistics/HistogramBin.java
/Users/harry/git/jfreechart/src/main/java/org/jfree/data/xy/TableXYDataset.java
/Users/harry/git/jfreechart/src/main/java/org/jfree/data/KeyedObject.java
/Users/harry/git/jfreechart/src/main/java/org/jfree/data/statistics/BoxAndWhiskerItem.java
/Users/harry/git/jfreechart/src/main/java/org/jfree/chart/plot/compass/WindNeedle.java
/Users/harry/git/jfreechart/src/main/java/org/jfree/data/xy/YWithXInterval.java
/Users/harry/git/jfreechart/src/main/java/org/jfree/chart/Drawable.java
/Users/harry/git/jfreechart/src/main/java/org/jfree/data/xy/DefaultXYDataset.java
/Users/harry/git/jfreechart/src/main/java/org/jfree/data/KeyedValueComparatorType.java
/Users/harry/git/jfreechart/src/main/java/org/jfree/chart/block/FlowArrangement.java
/Users/harry/git/jfreechart/src/main/java/org/jfree/data/category/CategoryToPieDataset.java
/Users/harry/git/jfreechart/src/main/java/org/jfree/chart/plot/CategoryMarker.java
/Users/harry/git/jfreechart/src/main/java/org/jfree/chart/labels/package-info.java
/Users/harry/git/jfreechart/src/main/java/org/jfree/chart/swing/editor/DefaultChartEditor.java
/Users/harry/git/jfreechart/src/main/java/org/jfree/chart/block/Arrangement.java
/Users/harry/git/jfreechart/src/main/java/org/jfree/data/gantt/XYTaskDataset.java
/Users/harry/git/jfreechart/src/main/java/org/jfree/chart/plot/pie/PiePlotState.java
/Users/harry/git/jfreechart/src/main/java/org/jfree/data/statistics/BoxAndWhiskerCalculator.java
/Users/harry/git/jfreechart/src/main/java/org/jfree/chart/legend/LegendRenderingOrder.java
/Users/harry/git/jfreechart/src/main/java/org/jfree/chart/renderer/xy/XYAreaRenderer.java
/Users/harry/git/jfreechart/src/main/java/org/jfree/chart/plot/dial/StandardDialFrame.java
/Users/harry/git/jfreechart/src/main/java/org/jfree/chart/plot/XYPlot.java
/Users/harry/git/jfreechart/src/main/java/org/jfree/chart/event/ChartChangeEventType.java
/Users/harry/git/jfreechart/src/main/java/org/jfree/chart/entity/TitleEntity.java
/Users/harry/git/jfreechart/src/main/java/org/jfree/chart/legend/PaintScaleLegend.java
/Users/harry/git/jfreechart/src/main/java/org/jfree/data/xy/YInterval.java
/Users/harry/git/jfreechart/src/main/java/org/jfree/chart/plot/pie/MultiplePiePlot.java
/Users/harry/git/jfreechart/src/main/java/org/jfree/chart/swing/ChartFrame.java
/Users/harry/git/jfreechart/src/main/java/org/jfree/chart/plot/package-info.java
/Users/harry/git/jfreechart/src/main/java/org/jfree/data/statistics/Regression.java
/Users/harry/git/jfreechart/src/main/java/org/jfree/chart/labels/StandardCategoryToolTipGenerator.java
/Users/harry/git/jfreechart/src/main/java/org/jfree/chart/axis/DateAxis.java
/Users/harry/git/jfreechart/src/main/java/org/jfree/chart/renderer/xy/XYItemRendererState.java
/Users/harry/git/jfreechart/src/main/java/org/jfree/chart/annotations/CategoryAnnotation.java
/Users/harry/git/jfreechart/src/main/java/org/jfree/chart/renderer/xy/XYLineAndShapeRenderer.java
/Users/harry/git/jfreechart/src/main/java/org/jfree/data/flow/FlowKey.java
/Users/harry/git/jfreechart/src/main/java/org/jfree/data/general/KeyedValues2DDataset.java
/Users/harry/git/jfreechart/src/main/java/org/jfree/data/resources/DataPackageResources_fr.java
/Users/harry/git/jfreechart/src/main/java/org/jfree/data/general/DefaultPieDataset.java
/Users/harry/git/jfreechart/src/main/java/org/jfree/chart/entity/EntityCollection.java
/Users/harry/git/jfreechart/src/main/java/org/jfree/chart/title/ShortTextTitle.java
/Users/harry/git/jfreechart/src/main/java/org/jfree/chart/entity/PieSectionEntity.java
/Users/harry/git/jfreechart/src/main/java/org/jfree/chart/labels/StandardCrosshairLabelGenerator.java
/Users/harry/git/jfreechart/src/main/java/org/jfree/chart/renderer/xy/WindItemRenderer.java
/Users/harry/git/jfreechart/src/main/java/org/jfree/chart/renderer/category/GroupedStackedBarRenderer.java
/Users/harry/git/jfreechart/src/main/java/org/jfree/chart/renderer/GrayPaintScale.java
/Users/harry/git/jfreechart/src/main/java/org/jfree/chart/api/TableOrder.java
/Users/harry/git/jfreechart/src/main/java/org/jfree/chart/annotations/XYDrawableAnnotation.java
/Users/harry/git/jfreechart/src/main/java/org/jfree/chart/renderer/xy/GradientXYBarPainter.java
/Users/harry/git/jfreechart/src/main/java/org/jfree/chart/labels/IntervalXYToolTipGenerator.java
/Users/harry/git/jfreechart/src/main/java/org/jfree/chart/internal/ArrayUtils.java
/Users/harry/git/jfreechart/src/main/java/org/jfree/chart/plot/compass/MiddlePinNeedle.java
/Users/harry/git/jfreechart/src/main/java/org/jfree/chart/block/LabelBlock.java
/Users/harry/git/jfreechart/src/main/java/org/jfree/data/time/Hour.java
/Users/harry/git/jfreechart/src/main/java/org/jfree/chart/plot/MeterPlot.java
/Users/harry/git/jfreechart/src/main/java/org/jfree/data/time/ohlc/OHLCSeriesCollection.java
/Users/harry/git/jfreechart/src/main/java/org/jfree/data/xml/RootHandler.java
/Users/harry/git/jfreechart/src/main/java/org/jfree/data/general/DatasetChangeEvent.java
/Users/harry/git/jfreechart/src/main/java/org/jfree/chart/util/GradientPaintTransformer.java
/Users/harry/git/jfreechart/src/main/java/org/jfree/chart/legend/LegendItemCollection.java
/Users/harry/git/jfreechart/src/main/java/org/jfree/chart/event/MarkerChangeListener.java
/Users/harry/git/jfreechart/src/main/java/org/jfree/chart/renderer/xy/DeviationStepRenderer.java
/Users/harry/git/jfreechart/src/main/java/org/jfree/chart/plot/CombinedDomainCategoryPlot.java
/Users/harry/git/jfreechart/src/main/java/org/jfree/data/gantt/TaskSeries.java
/Users/harry/git/jfreechart/src/main/java/org/jfree/chart/date/MonthConstants.java
/Users/harry/git/jfreechart/src/main/java/org/jfree/chart/event/PlotChangeEvent.java
/Users/harry/git/jfreechart/src/main/java/org/jfree/data/xy/AbstractXYZDataset.java
/Users/harry/git/jfreechart/src/main/java/org/jfree/data/xy/DefaultXYZDataset.java
/Users/harry/git/jfreechart/src/main/java/org/jfree/chart/legend/LegendTitle.java
/Users/harry/git/jfreechart/src/main/java/org/jfree/chart/plot/DialShape.java
/Users/harry/git/jfreechart/src/main/java/org/jfree/chart/renderer/xy/XYBarRenderer.java
/Users/harry/git/jfreechart/src/main/java/org/jfree/chart/swing/editor/LCBLayout.java
/Users/harry/git/jfreechart/src/main/java/org/jfree/chart/block/RectangleConstraint.java
/Users/harry/git/jfreechart/src/main/java/org/jfree/chart/swing/MouseWheelHandler.java
/Users/harry/git/jfreechart/src/main/java/org/jfree/chart/api/SortOrder.java
/Users/harry/git/jfreechart/src/main/java/org/jfree/chart/axis/SymbolAxis.java
/Users/harry/git/jfreechart/src/main/java/org/jfree/chart/block/LineBorder.java
/Users/harry/git/jfreechart/src/main/java/org/jfree/chart/plot/ThermometerPlot.java
/Users/harry/git/jfreechart/src/main/java/org/jfree/chart/event/TitleChangeListener.java
/Users/harry/git/jfreechart/src/main/java/org/jfree/chart/plot/compass/PinNeedle.java
/Users/harry/git/jfreechart/src/main/java/org/jfree/data/general/DefaultKeyedValuesDataset.java
/Users/harry/git/jfreechart/src/main/java/org/jfree/chart/plot/Marker.java
/Users/harry/git/jfreechart/src/main/java/org/jfree/chart/util/AttrStringUtils.java
/Users/harry/git/jfreechart/src/main/java/org/jfree/data/xy/XYIntervalSeriesCollection.java
/Users/harry/git/jfreechart/src/main/java/org/jfree/chart/plot/dial/DialValueIndicator.java
/Users/harry/git/jfreechart/src/main/java/org/jfree/chart/swing/DefaultSelectionZoomStrategy.java
/Users/harry/git/jfreechart/src/main/java/org/jfree/data/general/Dataset.java
/Users/harry/git/jfreechart/src/main/java/org/jfree/chart/text/TextBlock.java
/Users/harry/git/jfreechart/src/main/java/org/jfree/chart/api/RectangleAlignment.java
/Users/harry/git/jfreechart/src/main/java/org/jfree/chart/plot/compass/PlumNeedle.java
/Users/harry/git/jfreechart/src/main/java/org/jfree/chart/renderer/AreaRendererEndType.java
/Users/harry/git/jfreechart/src/main/java/org/jfree/chart/axis/DateTickUnit.java
/Users/harry/git/jfreechart/src/main/java/org/jfree/chart/event/ChartChangeListener.java
/Users/harry/git/jfreechart/src/main/java/org/jfree/chart/text/format/package-info.java
/Users/harry/git/jfreechart/src/main/java/org/jfree/chart/event/ChartChangeEvent.java
/Users/harry/git/jfreechart/src/main/java/org/jfree/data/flow/NodeKey.java
/Users/harry/git/jfreechart/src/main/java/org/jfree/data/xy/XYInterval.java
/Users/harry/git/jfreechart/src/main/java/org/jfree/chart/annotations/CategoryTextAnnotation.java
/Users/harry/git/jfreechart/src/main/java/org/jfree/chart/axis/NumberTickUnitSource.java
/Users/harry/git/jfreechart/src/main/java/org/jfree/data/xy/XYIntervalSeries.java
/Users/harry/git/jfreechart/src/main/java/org/jfree/chart/renderer/xy/XYBubbleRenderer.java
/Users/harry/git/jfreechart/src/main/java/org/jfree/chart/entity/CategoryLabelEntity.java
/Users/harry/git/jfreechart/src/main/java/org/jfree/chart/plot/compass/ShipNeedle.java
/Users/harry/git/jfreechart/src/main/java/org/jfree/chart/labels/ItemLabelPosition.java
/Users/harry/git/jfreechart/src/main/java/org/jfree/chart/labels/CategoryItemLabelGenerator.java
/Users/harry/git/jfreechart/src/main/java/org/jfree/data/flow/package-info.java
/Users/harry/git/jfreechart/src/main/java/org/jfree/data/json/impl/package-info.java
/Users/harry/git/jfreechart/src/main/java/org/jfree/chart/axis/CategoryTick.java
/Users/harry/git/jfreechart/src/main/java/org/jfree/data/statistics/Statistics.java
/Users/harry/git/jfreechart/src/main/java/org/jfree/chart/legend/LegendItemBlockContainer.java
/Users/harry/git/jfreechart/src/main/java/org/jfree/chart/api/RectangleInsets.java
/Users/harry/git/jfreechart/src/main/java/org/jfree/chart/api/UnitType.java
/Users/harry/git/jfreechart/src/main/java/org/jfree/chart/renderer/xy/StandardXYBarPainter.java
/Users/harry/git/jfreechart/src/main/java/org/jfree/chart/api/package-info.java
/Users/harry/git/jfreechart/src/main/java/org/jfree/chart/plot/flow/FlowPlot.java
/Users/harry/git/jfreechart/src/main/java/org/jfree/chart/labels/BoxAndWhiskerToolTipGenerator.java
/Users/harry/git/jfreechart/src/main/java/org/jfree/chart/annotations/XYTitleAnnotation.java
/Users/harry/git/jfreechart/src/main/java/org/jfree/data/time/Minute.java
/Users/harry/git/jfreechart/src/main/java/org/jfree/data/xy/XYSeriesCollection.java
/Users/harry/git/jfreechart/src/main/java/org/jfree/chart/block/GridArrangement.java
/Users/harry/git/jfreechart/src/main/java/org/jfree/chart/plot/dial/package-info.java
/Users/harry/git/jfreechart/src/main/java/org/jfree/chart/internal/SerialUtils.java
/Users/harry/git/jfreechart/src/main/java/org/jfree/data/category/SlidingCategoryDataset.java
/Users/harry/git/jfreechart/src/main/java/org/jfree/chart/annotations/XYTextAnnotation.java
/Users/harry/git/jfreechart/src/main/java/org/jfree/data/xml/CategoryDatasetHandler.java
/Users/harry/git/jfreechart/src/main/java/org/jfree/data/general/KeyedValueDataset.java
/Users/harry/git/jfreechart/src/main/java/org/jfree/data/json/impl/JSONStreamAware.java
/Users/harry/git/jfreechart/src/main/java/org/jfree/chart/imagemap/DynamicDriveToolTipTagFragmentGenerator.java
/Users/harry/git/jfreechart/src/main/java/org/jfree/chart/text/TextUtils.java
/Users/harry/git/jfreechart/src/main/java/org/jfree/data/KeyedValues2DItemKey.java
/Users/harry/git/jfreechart/src/main/java/org/jfree/chart/swing/editor/DefaultPlotEditor.java
/Users/harry/git/jfreechart/src/main/java/org/jfree/chart/renderer/Outlier.java
/Users/harry/git/jfreechart/src/main/java/org/jfree/chart/renderer/xy/StackedXYBarRenderer.java
/Users/harry/git/jfreechart/src/main/java/org/jfree/chart/swing/editor/StrokeChooserPanel.java
/Users/harry/git/jfreechart/src/main/java/org/jfree/chart/plot/FastScatterPlot.java
/Users/harry/git/jfreechart/src/main/java/org/jfree/data/DefaultKeyedValue.java
/Users/harry/git/jfreechart/src/main/java/org/jfree/data/time/ohlc/OHLCSeries.java
/Users/harry/git/jfreechart/src/main/java/org/jfree/chart/plot/dial/AbstractDialLayer.java
/Users/harry/git/jfreechart/src/main/java/org/jfree/chart/swing/editor/DefaultLogAxisEditor.java
/Users/harry/git/jfreechart/src/main/java/org/jfree/chart/block/Size2D.java
/Users/harry/git/jfreechart/src/main/java/org/jfree/chart/annotations/AbstractXYAnnotation.java
/Users/harry/git/jfreechart/src/main/java/org/jfree/data/RangeType.java
/Users/harry/git/jfreechart/src/main/java/org/jfree/data/xy/NormalizedMatrixSeries.java
/Users/harry/git/jfreechart/src/main/java/org/jfree/data/Values2D.java
/Users/harry/git/jfreechart/src/main/java/org/jfree/chart/renderer/category/CategoryItemRenderer.java
/Users/harry/git/jfreechart/src/main/java/org/jfree/chart/plot/Crosshair.java
/Users/harry/git/jfreechart/src/main/java/org/jfree/chart/labels/StandardPieToolTipGenerator.java
/Users/harry/git/jfreechart/src/main/java/org/jfree/chart/encoders/package-info.java
/Users/harry/git/jfreechart/src/main/java/org/jfree/data/xy/XYDatasetTableModel.java
/Users/harry/git/jfreechart/src/main/java/org/jfree/chart/axis/package-info.java
/Users/harry/git/jfreechart/src/main/java/org/jfree/data/DataUtils.java
/Users/harry/git/jfreechart/src/main/java/org/jfree/chart/axis/CategoryAnchor.java
/Users/harry/git/jfreechart/src/main/java/org/jfree/chart/labels/PieToolTipGenerator.java
/Users/harry/git/jfreechart/src/main/java/org/jfree/chart/labels/CategoryToolTipGenerator.java
/Users/harry/git/jfreechart/src/main/java/org/jfree/chart/renderer/category/IntervalBarRenderer.java
/Users/harry/git/jfreechart/src/main/java/org/jfree/data/general/DefaultValueDataset.java
/Users/harry/git/jfreechart/src/main/java/org/jfree/data/DefaultKeyedValues.java
/Users/harry/git/jfreechart/src/main/java/org/jfree/chart/block/EmptyBlock.java
/Users/harry/git/jfreechart/src/main/java/org/jfree/chart/package-info.java
/Users/harry/git/jfreechart/src/main/java/org/jfree/chart/labels/XYItemLabelGenerator.java
/Users/harry/git/jfreechart/src/main/java/module-info.java
/Users/harry/git/jfreechart/src/main/java/org/jfree/chart/plot/compass/LongNeedle.java
/Users/harry/git/jfreechart/src/main/java/org/jfree/data/xy/XYBarDataset.java
/Users/harry/git/jfreechart/src/main/java/org/jfree/chart/labels/IntervalCategoryItemLabelGenerator.java
/Users/harry/git/jfreechart/src/main/java/org/jfree/data/xy/YIntervalSeriesCollection.java
/Users/harry/git/jfreechart/src/main/java/org/jfree/data/xy/XisSymbolic.java
/Users/harry/git/jfreechart/src/main/java/org/jfree/chart/text/AttributedStringUtils.java
/Users/harry/git/jfreechart/src/main/java/org/jfree/data/xy/XYIntervalDataItem.java
/Users/harry/git/jfreechart/src/main/java/org/jfree/chart/event/AnnotationChangeEvent.java
/Users/harry/git/jfreechart/src/main/java/org/jfree/chart/block/LengthConstraintType.java
/Users/harry/git/jfreechart/src/main/java/org/jfree/chart/annotations/XYPolygonAnnotation.java
/Users/harry/git/jfreechart/src/main/java/org/jfree/chart/axis/CategoryLabelPositions.java
/Users/harry/git/jfreechart/src/main/java/org/jfree/chart/axis/CategoryLabelWidthType.java
/Users/harry/git/jfreechart/src/main/java/org/jfree/chart/api/LengthAdjustmentType.java
/Users/harry/git/jfreechart/src/main/java/org/jfree/chart/api/RectangleAnchor.java
/Users/harry/git/jfreechart/src/main/java/org/jfree/chart/ChartElement.java
/Users/harry/git/jfreechart/src/main/java/org/jfree/data/time/Month.java
/Users/harry/git/jfreechart/src/main/java/org/jfree/chart/entity/CategoryItemEntity.java
/Users/harry/git/jfreechart/src/main/java/org/jfree/chart/annotations/XYAnnotationBoundsInfo.java
/Users/harry/git/jfreechart/src/main/java/org/jfree/chart/urls/StandardXYZURLGenerator.java
/Users/harry/git/jfreechart/src/main/java/org/jfree/chart/labels/XYToolTipGenerator.java
/Users/harry/git/jfreechart/src/main/java/org/jfree/data/xy/XIntervalSeriesCollection.java
/Users/harry/git/jfreechart/src/main/java/org/jfree/chart/renderer/xy/StackedXYAreaRenderer.java
/Users/harry/git/jfreechart/src/main/java/org/jfree/data/statistics/BoxAndWhiskerCategoryDataset.java
/Users/harry/git/jfreechart/src/main/java/org/jfree/chart/axis/ExtendedCategoryAxis.java
/Users/harry/git/jfreechart/src/main/java/org/jfree/chart/axis/DateTickUnitType.java
/Users/harry/git/jfreechart/src/main/java/org/jfree/chart/plot/compass/ArrowNeedle.java
/Users/harry/git/jfreechart/src/main/java/org/jfree/chart/axis/ValueAxis.java
/Users/harry/git/jfreechart/src/main/java/org/jfree/data/time/TimePeriodValue.java
/Users/harry/git/jfreechart/src/main/java/org/jfree/data/xy/XYItemKey.java
/Users/harry/git/jfreechart/src/main/java/org/jfree/chart/util/DirectionalGradientPaintTransformer.java
/Users/harry/git/jfreechart/src/main/java/org/jfree/data/time/TimeTableXYDataset.java
/Users/harry/git/jfreechart/src/main/java/org/jfree/chart/plot/dial/StandardDialRange.java
/Users/harry/git/jfreechart/src/main/java/org/jfree/data/time/Millisecond.java
/Users/harry/git/jfreechart/src/main/java/org/jfree/data/time/TimeSeriesTableModel.java
/Users/harry/git/jfreechart/src/main/java/org/jfree/chart/api/Layer.java
/Users/harry/git/jfreechart/src/main/java/org/jfree/chart/plot/pie/package-info.java
/Users/harry/git/jfreechart/src/main/java/org/jfree/chart/axis/CategoryAxis.java
/Users/harry/git/jfreechart/src/main/java/org/jfree/chart/api/PublicCloneable.java
/Users/harry/git/jfreechart/src/main/java/org/jfree/chart/plot/ValueAxisPlot.java
/Users/harry/git/jfreechart/src/main/java/org/jfree/chart/plot/CategoryCrosshairState.java
/Users/harry/git/jfreechart/src/main/java/org/jfree/chart/title/ImageTitle.java
/Users/harry/git/jfreechart/src/main/java/org/jfree/data/xy/XYCoordinate.java
/Users/harry/git/jfreechart/src/main/java/org/jfree/chart/urls/StandardCategoryURLGenerator.java
/Users/harry/git/jfreechart/src/main/java/org/jfree/data/xy/IntervalXYZDataset.java
/Users/harry/git/jfreechart/src/main/java/org/jfree/chart/labels/StandardXYSeriesLabelGenerator.java
/Users/harry/git/jfreechart/src/main/java/org/jfree/data/KeyedValueComparator.java
/Users/harry/git/jfreechart/src/main/java/org/jfree/chart/plot/dial/DialPlot.java
/Users/harry/git/jfreechart/src/main/java/org/jfree/chart/axis/TickUnitSource.java
/Users/harry/git/jfreechart/src/main/java/org/jfree/chart/renderer/xy/SamplingXYLineRenderer.java
/Users/harry/git/jfreechart/src/main/java/org/jfree/data/general/DefaultHeatMapDataset.java
/Users/harry/git/jfreechart/src/main/java/org/jfree/chart/swing/editor/ChartEditor.java
/Users/harry/git/jfreechart/src/main/java/org/jfree/chart/event/RendererChangeEvent.java
/Users/harry/git/jfreechart/src/main/java/org/jfree/chart/plot/compass/package-info.java
/Users/harry/git/jfreechart/src/main/java/org/jfree/chart/swing/editor/ChartEditorManager.java
/Users/harry/git/jfreechart/src/main/java/org/jfree/chart/urls/XYZURLGenerator.java
/Users/harry/git/jfreechart/src/main/java/org/jfree/chart/event/ChartProgressListener.java
/Users/harry/git/jfreechart/src/main/java/org/jfree/data/RangeInfo.java
/Users/harry/git/jfreechart/src/main/java/org/jfree/chart/block/AbstractBlock.java
/Users/harry/git/jfreechart/src/main/java/org/jfree/chart/renderer/category/ScatterRenderer.java
/Users/harry/git/jfreechart/src/main/java/org/jfree/chart/renderer/xy/HighLowRenderer.java
/Users/harry/git/jfreechart/src/main/java/org/jfree/chart/plot/SpiderWebPlot.java
/Users/harry/git/jfreechart/src/main/java/org/jfree/chart/annotations/AbstractAnnotation.java
/Users/harry/git/jfreechart/src/main/java/org/jfree/data/category/DefaultCategoryDataset.java
/Users/harry/git/jfreechart/src/main/java/org/jfree/chart/urls/PieURLGenerator.java
/Users/harry/git/jfreechart/src/main/java/org/jfree/chart/annotations/XYLineAnnotation.java
/Users/harry/git/jfreechart/src/main/java/org/jfree/chart/renderer/xy/CandlestickRenderer.java
/Users/harry/git/jfreechart/src/main/java/org/jfree/chart/renderer/xy/XYBoxAndWhiskerRenderer.java
/Users/harry/git/jfreechart/src/main/java/org/jfree/chart/urls/StandardXYURLGenerator.java
/Users/harry/git/jfreechart/src/main/java/org/jfree/chart/axis/PeriodAxis.java
/Users/harry/git/jfreechart/src/main/java/org/jfree/chart/axis/TickType.java
/Users/harry/git/jfreechart/src/main/java/org/jfree/data/xml/DatasetReader.java
/Users/harry/git/jfreechart/src/main/java/org/jfree/chart/swing/CrosshairOverlay.java
/Users/harry/git/jfreechart/src/main/java/org/jfree/chart/block/BlockContainer.java
/Users/harry/git/jfreechart/src/main/java/org/jfree/chart/plot/pie/PieLabelLinkStyle.java
/Users/harry/git/jfreechart/src/main/java/org/jfree/chart/urls/StandardPieURLGenerator.java
/Users/harry/git/jfreechart/src/main/java/org/jfree/data/time/Week.java
/Users/harry/git/jfreechart/src/main/java/org/jfree/chart/urls/CustomXYURLGenerator.java
/Users/harry/git/jfreechart/src/main/java/org/jfree/data/time/RegularTimePeriod.java
/Users/harry/git/jfreechart/src/main/java/org/jfree/chart/util/ShadowGenerator.java
/Users/harry/git/jfreechart/src/main/java/org/jfree/data/xy/WindDataset.java
/Users/harry/git/jfreechart/src/main/java/org/jfree/chart/util/ExportUtils.java
/Users/harry/git/jfreechart/src/main/java/org/jfree/data/general/SeriesChangeEvent.java
/Users/harry/git/jfreechart/src/main/java/org/jfree/chart/plot/PlotOrientation.java
/Users/harry/git/jfreechart/src/main/java/org/jfree/data/xy/MatrixSeriesCollection.java
/Users/harry/git/jfreechart/src/main/java/org/jfree/chart/axis/Tick.java
/Users/harry/git/jfreechart/src/main/java/org/jfree/chart/text/format/HexNumberFormat.java
/Users/harry/git/jfreechart/src/main/java/org/jfree/chart/title/DateTitle.java
/Users/harry/git/jfreechart/src/main/java/org/jfree/chart/annotations/Annotation.java
/Users/harry/git/jfreechart/src/main/java/org/jfree/chart/event/ChartProgressEventType.java
/Users/harry/git/jfreechart/src/main/java/org/jfree/data/resources/DataPackageResources_de.java
/Users/harry/git/jfreechart/src/main/java/org/jfree/chart/labels/StandardFlowLabelGenerator.java
/Users/harry/git/jfreechart/src/main/java/org/jfree/chart/annotations/CategoryLineAnnotation.java
/Users/harry/git/jfreechart/src/main/java/org/jfree/chart/urls/CustomPieURLGenerator.java
/Users/harry/git/jfreechart/src/main/java/org/jfree/chart/ChartRenderingInfo.java
/Users/harry/git/jfreechart/src/main/java/org/jfree/chart/api/XYCoordinateType.java
/Users/harry/git/jfreechart/src/main/java/org/jfree/chart/plot/dial/DialLayer.java
/Users/harry/git/jfreechart/src/main/java/org/jfree/chart/renderer/xy/DefaultXYItemRenderer.java
/Users/harry/git/jfreechart/src/main/java/org/jfree/chart/legend/LegendGraphic.java
/Users/harry/git/jfreechart/src/main/java/org/jfree/data/xy/XIntervalSeries.java
/Users/harry/git/jfreechart/src/main/java/org/jfree/chart/renderer/category/AreaRenderer.java
/Users/harry/git/jfreechart/src/main/java/org/jfree/chart/plot/CombinedDomainXYPlot.java
/Users/harry/git/jfreechart/src/main/java/org/jfree/chart/plot/IntervalMarker.java
/Users/harry/git/jfreechart/src/main/java/org/jfree/chart/swing/editor/StrokeSample.java
/Users/harry/git/jfreechart/src/main/java/org/jfree/chart/axis/MarkerAxisBand.java
/Users/harry/git/jfreechart/src/main/java/org/jfree/data/statistics/StatisticalCategoryDataset.java
/Users/harry/git/jfreechart/src/main/java/org/jfree/chart/swing/ChartMouseListener.java
/Users/harry/git/jfreechart/src/main/java/org/jfree/chart/swing/PolarChartPanel.java
/Users/harry/git/jfreechart/src/main/java/org/jfree/chart/plot/CombinedRangeXYPlot.java
/Users/harry/git/jfreechart/src/main/java/org/jfree/chart/text/TextBlockAnchor.java
/Users/harry/git/jfreechart/src/main/java/org/jfree/data/xml/PieDatasetHandler.java
/Users/harry/git/jfreechart/src/main/java/org/jfree/chart/plot/dial/DialBackground.java
/Users/harry/git/jfreechart/src/main/java/org/jfree/data/time/DateRange.java
/Users/harry/git/jfreechart/src/main/java/org/jfree/chart/event/package-info.java
/Users/harry/git/jfreechart/src/main/java/org/jfree/data/ItemKey.java
/Users/harry/git/jfreechart/src/main/java/org/jfree/chart/swing/Overlay.java
/Users/harry/git/jfreechart/src/main/java/org/jfree/chart/ChartTransferable.java
/Users/harry/git/jfreechart/src/main/java/org/jfree/chart/block/BlockResult.java
/Users/harry/git/jfreechart/src/main/java/org/jfree/chart/axis/CompassFormat.java
/Users/harry/git/jfreechart/src/main/java/org/jfree/chart/renderer/category/package-info.java
/Users/harry/git/jfreechart/src/main/java/org/jfree/chart/plot/pie/PiePlot.java
/Users/harry/git/jfreechart/src/main/java/org/jfree/chart/renderer/category/WaterfallBarRenderer.java
/Users/harry/git/jfreechart/src/main/java/org/jfree/chart/axis/AxisLabelLocation.java
/Users/harry/git/jfreechart/src/main/java/org/jfree/chart/swing/ChartMouseEvent.java
/Users/harry/git/jfreechart/src/main/java/org/jfree/chart/urls/package-info.java
/Users/harry/git/jfreechart/src/main/java/org/jfree/chart/renderer/OutlierList.java
/Users/harry/git/jfreechart/src/main/java/org/jfree/data/json/JSONUtils.java
/Users/harry/git/jfreechart/src/main/java/org/jfree/chart/entity/LegendItemEntity.java
/Users/harry/git/jfreechart/src/main/java/org/jfree/chart/plot/DatasetRenderingOrder.java
/Users/harry/git/jfreechart/src/main/java/org/jfree/chart/renderer/NotOutlierException.java
/Users/harry/git/jfreechart/src/main/java/org/jfree/chart/block/EntityBlockParams.java
/Users/harry/git/jfreechart/src/main/java/org/jfree/chart/legend/LegendItemSource.java
/Users/harry/git/jfreechart/src/main/java/org/jfree/data/xy/OHLCDataset.java
/Users/harry/git/jfreechart/src/main/java/org/jfree/data/xy/XYRangeInfo.java
/Users/harry/git/jfreechart/src/main/java/org/jfree/data/KeyedValues2D.java
/Users/harry/git/jfreechart/src/main/java/org/jfree/chart/labels/StandardXYZToolTipGenerator.java
/Users/harry/git/jfreechart/src/main/java/org/jfree/chart/imagemap/ToolTipTagFragmentGenerator.java
/Users/harry/git/jfreechart/src/main/java/org/jfree/data/resources/DataPackageResources_es.java
/Users/harry/git/jfreechart/src/main/java/org/jfree/data/xy/VectorXYDataset.java
/Users/harry/git/jfreechart/src/main/java/org/jfree/chart/labels/AbstractCategoryItemLabelGenerator.java
/Users/harry/git/jfreechart/src/main/java/org/jfree/chart/entity/ChartEntity.java
/Users/harry/git/jfreechart/src/main/java/org/jfree/chart/labels/XYZToolTipGenerator.java
/Users/harry/git/jfreechart/src/main/java/org/jfree/data/time/TimeSeriesDataItem.java
/Users/harry/git/jfreechart/src/main/java/org/jfree/data/Value.java
/Users/harry/git/jfreechart/src/main/java/org/jfree/chart/date/package-info.java
/Users/harry/git/jfreechart/src/main/java/org/jfree/chart/axis/DateTick.java
/Users/harry/git/jfreechart/src/main/java/org/jfree/data/xy/YisSymbolic.java
/Users/harry/git/jfreechart/src/main/java/org/jfree/data/DomainInfo.java
/Users/harry/git/jfreechart/src/main/java/org/jfree/chart/swing/editor/FontChooserPanel.java
/Users/harry/git/jfreechart/src/main/java/org/jfree/chart/renderer/xy/XYAreaRenderer2.java
/Users/harry/git/jfreechart/src/main/java/org/jfree/chart/entity/package-info.java
/Users/harry/git/jfreechart/src/main/java/org/jfree/data/function/PolynomialFunction2D.java
/Users/harry/git/jfreechart/src/main/java/org/jfree/data/xy/DefaultIntervalXYDataset.java
/Users/harry/git/jfreechart/src/main/java/org/jfree/chart/swing/editor/DefaultTitleEditor.java
/Users/harry/git/jfreechart/src/main/java/org/jfree/data/statistics/MeanAndStandardDeviation.java
/Users/harry/git/jfreechart/src/main/java/org/jfree/chart/labels/SymbolicXYItemLabelGenerator.java
/Users/harry/git/jfreechart/src/main/java/org/jfree/data/time/MovingAverage.java
/Users/harry/git/jfreechart/src/main/java/org/jfree/chart/swing/UIUtils.java
/Users/harry/git/jfreechart/src/main/java/org/jfree/chart/renderer/OutlierListCollection.java
/Users/harry/git/jfreechart/src/main/java/org/jfree/data/general/ValueDataset.java
/Users/harry/git/jfreechart/src/main/java/org/jfree/chart/renderer/xy/XYBarPainter.java
/Users/harry/git/jfreechart/src/main/java/org/jfree/chart/swing/NumberCellRenderer.java
/Users/harry/git/jfreechart/src/main/java/org/jfree/chart/annotations/TextAnnotation.java
/Users/harry/git/jfreechart/src/main/java/org/jfree/chart/labels/CrosshairLabelGenerator.java
/Users/harry/git/jfreechart/src/main/java/org/jfree/chart/renderer/category/StackedAreaRenderer.java
/Users/harry/git/jfreechart/src/main/java/org/jfree/chart/labels/HighLowItemLabelGenerator.java
/Users/harry/git/jfreechart/src/main/java/org/jfree/chart/swing/editor/package-info.java
/Users/harry/git/jfreechart/src/main/java/org/jfree/chart/imagemap/OverLIBToolTipTagFragmentGenerator.java
/Users/harry/git/jfreechart/src/main/java/org/jfree/data/time/TimePeriodValuesCollection.java
/Users/harry/git/jfreechart/src/main/java/org/jfree/data/time/TimePeriodAnchor.java
/Users/harry/git/jfreechart/src/main/java/org/jfree/chart/plot/XYCrosshairState.java
/Users/harry/git/jfreechart/src/main/java/org/jfree/chart/labels/StandardXYItemLabelGenerator.java
/Users/harry/git/jfreechart/src/main/java/org/jfree/chart/internal/LineUtils.java
/Users/harry/git/jfreechart/src/main/java/org/jfree/chart/ChartElementVisitor.java
/Users/harry/git/jfreechart/src/main/java/org/jfree/chart/renderer/category/GanttRenderer.java
/Users/harry/git/jfreechart/src/main/java/org/jfree/chart/date/SpreadsheetDate.java
/Users/harry/git/jfreechart/src/main/java/org/jfree/data/statistics/DefaultBoxAndWhiskerXYDataset.java
/Users/harry/git/jfreechart/src/main/java/org/jfree/chart/renderer/xy/XYDotRenderer.java
/Users/harry/git/jfreechart/src/main/java/org/jfree/chart/text/TextAnchor.java
/Users/harry/git/jfreechart/src/main/java/org/jfree/data/time/DynamicTimeSeriesCollection.java
/Users/harry/git/jfreechart/src/main/java/org/jfree/data/xy/YIntervalDataItem.java
/Users/harry/git/jfreechart/src/main/java/org/jfree/chart/encoders/ImageEncoderFactory.java
/Users/harry/git/jfreechart/src/main/java/org/jfree/data/xml/ValueHandler.java
/Users/harry/git/jfreechart/src/main/java/org/jfree/data/xy/XYDomainInfo.java
/Users/harry/git/jfreechart/src/main/java/org/jfree/chart/renderer/category/BarPainter.java
/Users/harry/git/jfreechart/src/main/java/org/jfree/data/time/TimeSeriesCollection.java
/Users/harry/git/jfreechart/src/main/java/org/jfree/chart/plot/CenterTextMode.java
/Users/harry/git/jfreechart/src/main/java/org/jfree/chart/imagemap/ImageMapUtils.java
/Users/harry/git/jfreechart/src/main/java/org/jfree/chart/swing/editor/DefaultNumberAxisEditor.java
/Users/harry/git/jfreechart/src/main/java/org/jfree/chart/axis/QuarterDateFormat.java
/Users/harry/git/jfreechart/src/main/java/org/jfree/data/xml/CategorySeriesHandler.java
/Users/harry/git/jfreechart/src/main/java/org/jfree/data/resources/DataPackageResources_ru.java
/Users/harry/git/jfreechart/src/main/java/org/jfree/chart/axis/AxisState.java
/Users/harry/git/jfreechart/src/main/java/org/jfree/chart/labels/StandardCategoryItemLabelGenerator.java
/Users/harry/git/jfreechart/src/main/java/org/jfree/data/statistics/HistogramType.java
/Users/harry/git/jfreechart/src/main/java/org/jfree/data/general/Series.java
/Users/harry/git/jfreechart/src/main/java/org/jfree/data/category/IntervalCategoryDataset.java
/Users/harry/git/jfreechart/src/main/java/org/jfree/chart/event/ChartProgressEvent.java
/Users/harry/git/jfreechart/src/main/java/org/jfree/data/xy/XYSeries.java
/Users/harry/git/jfreechart/src/main/java/org/jfree/chart/axis/StandardTickUnitSource.java
/Users/harry/git/jfreechart/src/main/java/org/jfree/chart/plot/dial/ArcDialFrame.java
/Users/harry/git/jfreechart/src/main/java/org/jfree/chart/renderer/category/BarRenderer.java
/Users/harry/git/jfreechart/src/main/java/org/jfree/chart/axis/NumberTickUnit.java
/Users/harry/git/jfreechart/src/main/java/org/jfree/chart/renderer/category/AbstractCategoryItemRenderer.java
/Users/harry/git/jfreechart/src/main/java/org/jfree/chart/title/CompositeTitle.java
/Users/harry/git/jfreechart/src/main/java/org/jfree/chart/block/BlockBorder.java
/Users/harry/git/jfreechart/src/main/java/org/jfree/data/io/CSV.java
/Users/harry/git/jfreechart/src/main/java/org/jfree/chart/swing/editor/FontDisplayField.java
/Users/harry/git/jfreechart/src/main/java/org/jfree/chart/imagemap/StandardToolTipTagFragmentGenerator.java
/Users/harry/git/jfreechart/src/main/java/org/jfree/chart/entity/StandardEntityCollection.java
/Users/harry/git/jfreechart/src/main/java/org/jfree/data/general/AbstractDataset.java
/Users/harry/git/jfreechart/src/main/java/org/jfree/chart/axis/PeriodAxisLabelInfo.java
/Users/harry/git/jfreechart/src/main/java/org/jfree/chart/renderer/category/LayeredBarRenderer.java
/Users/harry/git/jfreechart/src/main/java/org/jfree/chart/renderer/LookupPaintScale.java
/Users/harry/git/jfreechart/src/main/java/org/jfree/data/general/SeriesDataset.java
/Users/harry/git/jfreechart/src/main/java/org/jfree/data/xy/AbstractXYDataset.java
/Users/harry/git/jfreechart/src/main/java/org/jfree/chart/plot/Zoomable.java
/Users/harry/git/jfreechart/src/main/java/org/jfree/chart/text/G2TextMeasurer.java
/Users/harry/git/jfreechart/src/main/java/org/jfree/chart/plot/dial/DialLayerChangeEvent.java
/Users/harry/git/jfreechart/src/main/java/org/jfree/chart/swing/OverlayChangeEvent.java
/Users/harry/git/jfreechart/src/main/java/org/jfree/chart/plot/PolarPlot.java
/Users/harry/git/jfreechart/src/main/java/org/jfree/data/general/DatasetChangeListener.java
/Users/harry/git/jfreechart/src/main/java/org/jfree/chart/internal/package-info.java
/Users/harry/git/jfreechart/src/main/java/org/jfree/data/xml/KeyHandler.java
/Users/harry/git/jfreechart/src/main/java/org/jfree/data/json/impl/JSONObject.java
/Users/harry/git/jfreechart/src/main/java/org/jfree/chart/renderer/xy/StandardXYItemRenderer.java
/Users/harry/git/jfreechart/src/main/java/org/jfree/chart/text/format/LogFormat.java
/Users/harry/git/jfreechart/src/main/java/org/jfree/data/ComparableObjectItem.java
/Users/harry/git/jfreechart/src/main/java/org/jfree/chart/block/ColumnArrangement.java
/Users/harry/git/jfreechart/src/main/java/org/jfree/chart/renderer/category/DefaultCategoryItemRenderer.java
/Users/harry/git/jfreechart/src/main/java/org/jfree/data/time/TimePeriodFormatException.java
/Users/harry/git/jfreechart/src/main/java/org/jfree/chart/renderer/category/StatisticalBarRenderer.java
/Users/harry/git/jfreechart/src/main/java/org/jfree/chart/plot/dial/DialFrame.java
/Users/harry/git/jfreechart/src/main/java/org/jfree/data/statistics/HistogramDataset.java
/Users/harry/git/jfreechart/src/main/java/org/jfree/data/gantt/GanttCategoryDataset.java
/Users/harry/git/jfreechart/src/main/java/org/jfree/chart/renderer/category/MinMaxCategoryRenderer.java
/Users/harry/git/jfreechart/src/main/java/org/jfree/data/flow/FlowDatasetUtils.java
/Users/harry/git/jfreechart/src/main/java/org/jfree/data/category/CategoryRangeInfo.java
/Users/harry/git/jfreechart/src/main/java/org/jfree/data/time/ohlc/OHLCItem.java
/Users/harry/git/jfreechart/src/main/java/org/jfree/chart/util/StringUtils.java
/Users/harry/git/jfreechart/src/main/java/org/jfree/chart/labels/StandardCategorySeriesLabelGenerator.java
/Users/harry/git/jfreechart/src/main/java/org/jfree/chart/renderer/xy/XYShapeRenderer.java
/Users/harry/git/jfreechart/src/main/java/org/jfree/data/KeyedObjects2D.java
/Users/harry/git/jfreechart/src/main/java/org/jfree/chart/renderer/category/GradientBarPainter.java
/Users/harry/git/jfreechart/src/main/java/org/jfree/chart/renderer/RendererState.java
/Users/harry/git/jfreechart/src/main/java/org/jfree/chart/plot/PolarAxisLocation.java
/Users/harry/git/jfreechart/src/main/java/org/jfree/data/general/DefaultKeyedValueDataset.java
/Users/harry/git/jfreechart/src/main/java/org/jfree/data/xy/VectorSeries.java
/Users/harry/git/jfreechart/src/main/java/org/jfree/chart/axis/SubCategoryAxis.java
/Users/harry/git/jfreechart/src/main/java/org/jfree/chart/plot/compass/MeterNeedle.java
/Users/harry/git/jfreechart/src/main/java/org/jfree/chart/plot/CrosshairState.java
/Users/harry/git/jfreechart/src/main/java/org/jfree/chart/ChartHints.java
/Users/harry/git/jfreechart/src/main/java/org/jfree/chart/event/TitleChangeEvent.java
/Users/harry/git/jfreechart/src/main/java/org/jfree/data/general/DatasetUtils.java
/Users/harry/git/jfreechart/src/main/java/org/jfree/data/time/TimePeriod.java
/Users/harry/git/jfreechart/src/main/java/org/jfree/chart/annotations/CategoryPointerAnnotation.java
/Users/harry/git/jfreechart/src/main/java/org/jfree/chart/swing/SelectionZoomStrategy.java
/Users/harry/git/jfreechart/src/main/java/org/jfree/chart/swing/OverlayChangeListener.java
/Users/harry/git/jfreechart/src/main/java/org/jfree/data/xy/VectorDataItem.java
/Users/harry/git/jfreechart/src/main/java/org/jfree/chart/labels/IntervalXYItemLabelGenerator.java
/Users/harry/git/jfreechart/src/main/java/org/jfree/chart/internal/PaintUtils.java
/Users/harry/git/jfreechart/src/main/java/org/jfree/chart/plot/PlotRenderingInfo.java
/Users/harry/git/jfreechart/src/main/java/org/jfree/chart/legend/package-info.java
/Users/harry/git/jfreechart/src/main/java/org/jfree/chart/event/AxisChangeListener.java
/Users/harry/git/jfreechart/src/main/java/org/jfree/chart/api/Rotation.java
/Users/harry/git/jfreechart/src/main/java/org/jfree/data/KeyedValues.java
/Users/harry/git/jfreechart/src/main/java/org/jfree/chart/plot/pie/AbstractPieLabelDistributor.java
/Users/harry/git/jfreechart/src/main/java/org/jfree/chart/JFreeChart.java
/Users/harry/git/jfreechart/src/main/java/org/jfree/chart/ChartColor.java
/Users/harry/git/jfreechart/src/main/java/org/jfree/chart/event/RendererChangeListener.java
/Users/harry/git/jfreechart/src/main/java/org/jfree/chart/axis/TickUnits.java
/Users/harry/git/jfreechart/src/main/java/org/jfree/chart/plot/dial/DialCap.java
/Users/harry/git/jfreechart/src/main/java/org/jfree/chart/plot/ValueMarker.java
/Users/harry/git/jfreechart/src/main/java/org/jfree/chart/encoders/ImageFormat.java
/Users/harry/git/jfreechart/src/main/java/org/jfree/data/xy/OHLCDataItem.java
/Users/harry/git/jfreechart/src/main/java/org/jfree/chart/swing/editor/DefaultPolarPlotEditor.java
/Users/harry/git/jfreechart/src/main/java/org/jfree/data/Values.java
/Users/harry/git/jfreechart/src/main/java/org/jfree/data/UnknownKeyException.java
/Users/harry/git/jfreechart/src/main/java/org/jfree/chart/labels/AbstractPieItemLabelGenerator.java
/Users/harry/git/jfreechart/src/main/java/org/jfree/data/general/WaferMapDataset.java
/Users/harry/git/jfreechart/src/main/java/org/jfree/chart/axis/MonthDateFormat.java
/Users/harry/git/jfreechart/src/main/java/org/jfree/chart/internal/HashUtils.java
/Users/harry/git/jfreechart/src/main/java/org/jfree/chart/labels/BubbleXYItemLabelGenerator.java
/Users/harry/git/jfreechart/src/main/java/org/jfree/data/xy/DefaultTableXYDataset.java
/Users/harry/git/jfreechart/src/main/java/org/jfree/chart/renderer/xy/package-info.java
/Users/harry/git/jfreechart/src/main/java/org/jfree/data/json/package-info.java
/Users/harry/git/jfreechart/src/main/java/org/jfree/chart/axis/ValueTick.java
/Users/harry/git/jfreechart/src/main/java/org/jfree/data/KeyedObjects.java
/Users/harry/git/jfreechart/src/main/java/org/jfree/chart/axis/TickUnit.java
/Users/harry/git/jfreechart/src/main/java/org/jfree/data/json/impl/JSONValue.java
/Users/harry/git/jfreechart/src/main/java/org/jfree/chart/renderer/RendererUtils.java
/Users/harry/git/jfreechart/src/main/java/org/jfree/chart/ChartFactory.java
/Users/harry/git/jfreechart/src/main/java/org/jfree/chart/renderer/category/StackedBarRenderer.java
/Users/harry/git/jfreechart/src/main/java/org/jfree/chart/renderer/xy/XYSplineRenderer.java
/Users/harry/git/jfreechart/src/main/java/org/jfree/chart/axis/AxisCollection.java
/Users/harry/git/jfreechart/src/main/java/org/jfree/data/time/Year.java
/Users/harry/git/jfreechart/src/main/java/org/jfree/data/time/TimePeriodValues.java
/Users/harry/git/jfreechart/src/main/java/org/jfree/data/xy/IntervalXYDelegate.java
/Users/harry/git/jfreechart/src/main/java/org/jfree/chart/plot/pie/PieLabelDistributor.java
/Users/harry/git/jfreechart/src/main/java/org/jfree/chart/renderer/xy/XYDifferenceRenderer.java
/Users/harry/git/jfreechart/src/main/java/org/jfree/chart/plot/SeriesRenderingOrder.java
/Users/harry/git/jfreechart/src/main/java/org/jfree/chart/renderer/category/BoxAndWhiskerRenderer.java
/Users/harry/git/jfreechart/src/main/java/org/jfree/chart/plot/MeterInterval.java
/Users/harry/git/jfreechart/src/main/java/org/jfree/chart/plot/CategoryPlot.java
/Users/harry/git/jfreechart/src/main/java/org/jfree/data/KeyedValuesItemKey.java
/Users/harry/git/jfreechart/src/main/java/org/jfree/data/xml/ItemHandler.java
/Users/harry/git/jfreechart/src/main/java/org/jfree/chart/imagemap/package-info.java
/Users/harry/git/jfreechart/src/main/java/org/jfree/chart/entity/XYAnnotationEntity.java
/Users/harry/git/jfreechart/src/main/java/org/jfree/data/category/CategoryDataset.java
/Users/harry/git/jfreechart/src/main/java/org/jfree/data/statistics/DefaultMultiValueCategoryDataset.java
/Users/harry/git/jfreechart/src/main/java/org/jfree/chart/entity/JFreeChartEntity.java
/Users/harry/git/jfreechart/src/main/java/org/jfree/chart/swing/editor/DefaultAxisEditor.java
/Users/harry/git/jfreechart/src/main/java/org/jfree/chart/axis/CategoryLabelPosition.java
/Users/harry/git/jfreechart/src/main/java/org/jfree/chart/labels/PieSectionLabelGenerator.java
/Users/harry/git/jfreechart/src/main/java/org/jfree/chart/entity/NodeEntity.java
/Users/harry/git/jfreechart/src/main/java/org/jfree/chart/text/package-info.java
/Users/harry/git/jfreechart/src/main/java/org/jfree/chart/event/AnnotationChangeListener.java
/Users/harry/git/jfreechart/src/main/java/org/jfree/data/xy/MatrixSeries.java
/Users/harry/git/jfreechart/src/main/java/org/jfree/data/flow/DefaultFlowDataset.java
/Users/harry/git/jfreechart/src/main/java/org/jfree/chart/internal/CloneUtils.java
/Users/harry/git/jfreechart/src/main/java/org/jfree/data/function/LineFunction2D.java
/Users/harry/git/jfreechart/src/main/java/org/jfree/chart/swing/editor/ChartEditorFactory.java
/Users/harry/git/jfreechart/src/main/java/org/jfree/data/function/PowerFunction2D.java
/Users/harry/git/jfreechart/src/main/java/org/jfree/chart/annotations/XYImageAnnotation.java
/Users/harry/git/jfreechart/src/main/java/org/jfree/chart/encoders/SunJPEGEncoderAdapter.java
/Users/harry/git/jfreechart/src/main/java/org/jfree/chart/entity/AxisEntity.java
/Users/harry/git/jfreechart/src/main/java/org/jfree/chart/plot/compass/PointerNeedle.java
/Users/harry/git/jfreechart/src/main/java/org/jfree/chart/util/PaintAlpha.java
/Users/harry/git/jfreechart/src/main/java/org/jfree/data/statistics/SimpleHistogramDataset.java
/Users/harry/git/jfreechart/src/main/java/org/jfree/data/time/FixedMillisecond.java
/Users/harry/git/jfreechart/src/main/java/org/jfree/data/time/SimpleTimePeriod.java
/Users/harry/git/jfreechart/src/main/java/org/jfree/chart/renderer/xy/CyclicXYItemRenderer.java
/Users/harry/git/jfreechart/src/main/java/org/jfree/data/xy/XYZDataset.java
/Users/harry/git/jfreechart/src/main/java/org/jfree/chart/axis/Axis.java
/Users/harry/git/jfreechart/src/main/java/org/jfree/chart/labels/FlowLabelGenerator.java
/Users/harry/git/jfreechart/src/main/java/org/jfree/chart/legend/LegendItem.java
/Users/harry/git/jfreechart/src/main/java/org/jfree/chart/entity/FlowEntity.java
/Users/harry/git/jfreechart/src/main/java/org/jfree/chart/swing/AbstractOverlay.java
/Users/harry/git/jfreechart/src/main/java/org/jfree/chart/renderer/xy/XYItemRenderer.java
/Users/harry/git/jfreechart/src/main/java/org/jfree/chart/title/package-info.java
/Users/harry/git/jfreechart/src/main/java/org/jfree/chart/text/TextBox.java
/Users/harry/git/jfreechart/src/main/java/org/jfree/chart/entity/XYItemEntity.java
/Users/harry/git/jfreechart/src/main/java/org/jfree/chart/renderer/xy/XYBlockRenderer.java
/Users/harry/git/jfreechart/src/main/java/org/jfree/data/ComparableObjectSeries.java
/Users/harry/git/jfreechart/src/main/java/org/jfree/data/DomainOrder.java
/Users/harry/git/jfreechart/src/main/java/org/jfree/chart/encoders/EncoderUtil.java
/Users/harry/git/jfreechart/src/main/java/org/jfree/data/xy/CategoryTableXYDataset.java
