/Users/harry/git/jfreechart/src/test/java/org/jfree/chart/plot/dial/DialPlotTest.java
/Users/harry/git/jfreechart/src/test/java/org/jfree/chart/axis/DateAxisTest.java
/Users/harry/git/jfreechart/src/test/java/org/jfree/chart/XYLineChartTest.java
/Users/harry/git/jfreechart/src/test/java/org/jfree/chart/renderer/xy/XYBubbleRendererTest.java
/Users/harry/git/jfreechart/src/test/java/org/jfree/chart/text/format/RelativeDateFormatTest.java
/Users/harry/git/jfreechart/src/test/java/org/jfree/data/general/TestIntervalCategoryDataset.java
/Users/harry/git/jfreechart/src/test/java/org/jfree/chart/urls/CustomPieURLGeneratorTest.java
/Users/harry/git/jfreechart/src/test/java/org/jfree/data/statistics/StatisticsTest.java
/Users/harry/git/jfreechart/src/test/java/org/jfree/data/time/ohlc/OHLCSeriesTest.java
/Users/harry/git/jfreechart/src/test/java/org/jfree/data/xy/XYIntervalSeriesCollectionTest.java
/Users/harry/git/jfreechart/src/test/java/org/jfree/chart/renderer/xy/XYSplineRendererTest.java
/Users/harry/git/jfreechart/src/test/java/org/jfree/data/time/DayTest.java
/Users/harry/git/jfreechart/src/test/java/org/jfree/data/function/PolynomialFunction2DTest.java
/Users/harry/git/jfreechart/src/test/java/org/jfree/data/time/ohlc/OHLCSeriesCollectionTest.java
/Users/harry/git/jfreechart/src/test/java/org/jfree/data/category/DefaultIntervalCategoryDatasetTest.java
/Users/harry/git/jfreechart/src/test/java/org/jfree/data/xy/CategoryTableXYDatasetTest.java
/Users/harry/git/jfreechart/src/test/java/org/jfree/chart/plot/pie/MultiplePiePlotTest.java
/Users/harry/git/jfreechart/src/test/java/org/jfree/data/time/MovingAverageTest.java
/Users/harry/git/jfreechart/src/test/java/org/jfree/chart/renderer/xy/AbstractXYItemRendererTest.java
/Users/harry/git/jfreechart/src/test/java/org/jfree/chart/renderer/xy/DeviationStepRendererTest.java
/Users/harry/git/jfreechart/src/test/java/org/jfree/chart/axis/SubCategoryAxisTest.java
/Users/harry/git/jfreechart/src/test/java/org/jfree/chart/axis/AxisLocationTest.java
/Users/harry/git/jfreechart/src/test/java/org/jfree/data/xy/XIntervalDataItemTest.java
/Users/harry/git/jfreechart/src/test/java/org/jfree/chart/AreaChartTest.java
/Users/harry/git/jfreechart/src/test/java/org/jfree/data/RangeTest.java
/Users/harry/git/jfreechart/src/test/java/org/jfree/data/xy/IntervalXYDelegateTest.java
/Users/harry/git/jfreechart/src/test/java/org/jfree/chart/renderer/category/MinMaxCategoryRendererTest.java
/Users/harry/git/jfreechart/src/test/java/org/jfree/chart/annotations/XYTextAnnotationTest.java
/Users/harry/git/jfreechart/src/test/java/org/jfree/chart/labels/IntervalCategoryItemLabelGeneratorTest.java
/Users/harry/git/jfreechart/src/test/java/org/jfree/chart/renderer/category/StandardBarPainterTest.java
/Users/harry/git/jfreechart/src/test/java/org/jfree/chart/axis/DateTickTest.java
/Users/harry/git/jfreechart/src/test/java/org/jfree/chart/swing/ChartPanelTest.java
/Users/harry/git/jfreechart/src/test/java/org/jfree/data/time/FixedMillisecondTest.java
/Users/harry/git/jfreechart/src/test/java/org/jfree/chart/labels/BubbleXYItemLabelGeneratorTest.java
/Users/harry/git/jfreechart/src/test/java/org/jfree/chart/renderer/xy/XYDotRendererTest.java
/Users/harry/git/jfreechart/src/test/java/org/jfree/chart/axis/StandardTickUnitSourceTest.java
/Users/harry/git/jfreechart/src/test/java/org/jfree/data/time/TimePeriodValueTest.java
/Users/harry/git/jfreechart/src/test/java/org/jfree/chart/renderer/category/StatisticalLineAndShapeRendererTest.java
/Users/harry/git/jfreechart/src/test/java/org/jfree/chart/urls/TimeSeriesURLGeneratorTest.java
/Users/harry/git/jfreechart/src/test/java/org/jfree/data/xy/XYIntervalDataItemTest.java
/Users/harry/git/jfreechart/src/test/java/org/jfree/chart/axis/CategoryLabelPositionTest.java
/Users/harry/git/jfreechart/src/test/java/org/jfree/data/time/TimeSeriesDataItemTest.java
/Users/harry/git/jfreechart/src/test/java/org/jfree/chart/renderer/xy/XYShapeRendererTest.java
/Users/harry/git/jfreechart/src/test/java/org/jfree/chart/urls/CustomXYURLGeneratorTest.java
/Users/harry/git/jfreechart/src/test/java/org/jfree/data/time/QuarterTest.java
/Users/harry/git/jfreechart/src/test/java/org/jfree/chart/labels/StandardXYToolTipGeneratorTest.java
/Users/harry/git/jfreechart/src/test/java/org/jfree/data/gantt/TaskSeriesCollectionTest.java
/Users/harry/git/jfreechart/src/test/java/org/jfree/chart/XYStepChartTest.java
/Users/harry/git/jfreechart/src/test/java/org/jfree/chart/renderer/LookupPaintScaleTest.java
/Users/harry/git/jfreechart/src/test/java/org/jfree/data/DefaultKeyedValueTest.java
/Users/harry/git/jfreechart/src/test/java/org/jfree/chart/plot/compass/LineNeedleTest.java
/Users/harry/git/jfreechart/src/test/java/org/jfree/chart/annotations/XYDrawableAnnotationTest.java
/Users/harry/git/jfreechart/src/test/java/org/jfree/chart/axis/NumberTickUnitTest.java
/Users/harry/git/jfreechart/src/test/java/org/jfree/chart/axis/ExtendedCategoryAxisTest.java
/Users/harry/git/jfreechart/src/test/java/org/jfree/chart/axis/CyclicNumberAxisTest.java
/Users/harry/git/jfreechart/src/test/java/org/jfree/chart/imagemap/StandardURLTagFragmentGeneratorTest.java
/Users/harry/git/jfreechart/src/test/java/org/jfree/chart/urls/StandardXYURLGeneratorTest.java
/Users/harry/git/jfreechart/src/test/java/org/jfree/data/xy/DefaultHighLowDatasetTest.java
/Users/harry/git/jfreechart/src/test/java/org/jfree/chart/axis/PeriodAxisLabelInfoTest.java
/Users/harry/git/jfreechart/src/test/java/org/jfree/chart/renderer/category/BoxAndWhiskerRendererTest.java
/Users/harry/git/jfreechart/src/test/java/org/jfree/chart/renderer/category/GradientBarPainterTest.java
/Users/harry/git/jfreechart/src/test/java/org/jfree/chart/axis/DateTickMarkPositionTest.java
/Users/harry/git/jfreechart/src/test/java/org/jfree/chart/renderer/RendererChangeDetector.java
/Users/harry/git/jfreechart/src/test/java/org/jfree/chart/block/LineBorderTest.java
/Users/harry/git/jfreechart/src/test/java/org/jfree/chart/entity/TickLabelEntityTest.java
/Users/harry/git/jfreechart/src/test/java/org/jfree/chart/axis/DateTickUnitTest.java
/Users/harry/git/jfreechart/src/test/java/org/jfree/chart/plot/PolarPlotTest.java
/Users/harry/git/jfreechart/src/test/java/org/jfree/chart/internal/ArgsTest.java
/Users/harry/git/jfreechart/src/test/java/org/jfree/chart/block/GridArrangementTest.java
/Users/harry/git/jfreechart/src/test/java/org/jfree/chart/plot/MarkerTest.java
/Users/harry/git/jfreechart/src/test/java/org/jfree/chart/renderer/category/LevelRendererTest.java
/Users/harry/git/jfreechart/src/test/java/org/jfree/chart/plot/compass/ArrowNeedleTest.java
/Users/harry/git/jfreechart/src/test/java/org/jfree/data/general/TestIntervalXYZDataset.java
/Users/harry/git/jfreechart/src/test/java/org/jfree/chart/axis/ModuloAxisTest.java
/Users/harry/git/jfreechart/src/test/java/org/jfree/chart/internal/LineUtilsTest.java
/Users/harry/git/jfreechart/src/test/java/org/jfree/chart/StandardChartThemeTest.java
/Users/harry/git/jfreechart/src/test/java/org/jfree/chart/plot/compass/PlumNeedleTest.java
/Users/harry/git/jfreechart/src/test/java/org/jfree/chart/plot/compass/PinNeedleTest.java
/Users/harry/git/jfreechart/src/test/java/org/jfree/chart/plot/PlotTest.java
/Users/harry/git/jfreechart/src/test/java/org/jfree/chart/plot/dial/StandardDialFrameTest.java
/Users/harry/git/jfreechart/src/test/java/org/jfree/data/xy/DefaultOHLCDatasetTest.java
/Users/harry/git/jfreechart/src/test/java/org/jfree/chart/renderer/RendererUtilsTest.java
/Users/harry/git/jfreechart/src/test/java/org/jfree/chart/urls/CustomCategoryURLGeneratorTest.java
/Users/harry/git/jfreechart/src/test/java/org/jfree/data/time/SimpleTimePeriodTest.java
/Users/harry/git/jfreechart/src/test/java/org/jfree/data/xy/MatrixSeriesTest.java
/Users/harry/git/jfreechart/src/test/java/org/jfree/data/gantt/TaskTest.java
/Users/harry/git/jfreechart/src/test/java/org/jfree/data/xy/MatrixSeriesCollectionTest.java
/Users/harry/git/jfreechart/src/test/java/org/jfree/chart/internal/ShapeUtilsTest.java
/Users/harry/git/jfreechart/src/test/java/org/jfree/chart/plot/dial/AbstractDialLayerTest.java
/Users/harry/git/jfreechart/src/test/java/org/jfree/chart/renderer/xy/StackedXYBarRendererTest.java
/Users/harry/git/jfreechart/src/test/java/org/jfree/chart/block/ColumnArrangementTest.java
/Users/harry/git/jfreechart/src/test/java/org/jfree/chart/plot/dial/DialValueIndicatorTest.java
/Users/harry/git/jfreechart/src/test/java/org/jfree/chart/entity/LegendItemEntityTest.java
/Users/harry/git/jfreechart/src/test/java/org/jfree/chart/renderer/xy/GradientXYBarPainterTest.java
/Users/harry/git/jfreechart/src/test/java/org/jfree/chart/plot/compass/MeterNeedleTest.java
/Users/harry/git/jfreechart/src/test/java/org/jfree/data/DataUtilsTest.java
/Users/harry/git/jfreechart/src/test/java/org/jfree/chart/title/DateTitleTest.java
/Users/harry/git/jfreechart/src/test/java/org/jfree/data/xy/XYSeriesCollectionTest.java
/Users/harry/git/jfreechart/src/test/java/org/jfree/chart/renderer/category/CategoryStepRendererTest.java
/Users/harry/git/jfreechart/src/test/java/org/jfree/chart/labels/ItemLabelPositionTest.java
/Users/harry/git/jfreechart/src/test/java/org/jfree/chart/WaterfallChartTest.java
/Users/harry/git/jfreechart/src/test/java/org/jfree/chart/renderer/xy/WindItemRendererTest.java
/Users/harry/git/jfreechart/src/test/java/org/jfree/data/DefaultKeyedValues2DTest.java
/Users/harry/git/jfreechart/src/test/java/org/jfree/chart/axis/SymbolAxisTest.java
/Users/harry/git/jfreechart/src/test/java/org/jfree/chart/text/format/LogFormatTest.java
/Users/harry/git/jfreechart/src/test/java/org/jfree/chart/plot/PlotOrientationTest.java
/Users/harry/git/jfreechart/src/test/java/org/jfree/data/statistics/RegressionTest.java
/Users/harry/git/jfreechart/src/test/java/org/jfree/chart/labels/IntervalCategoryToolTipGeneratorTest.java
/Users/harry/git/jfreechart/src/test/java/org/jfree/chart/block/RectangleConstraintTest.java
/Users/harry/git/jfreechart/src/test/java/org/jfree/data/time/WeekTest.java
/Users/harry/git/jfreechart/src/test/java/org/jfree/data/xy/XYCoordinateTest.java
/Users/harry/git/jfreechart/src/test/java/org/jfree/data/time/MonthTest.java
/Users/harry/git/jfreechart/src/test/java/org/jfree/chart/axis/NumberAxisTest.java
/Users/harry/git/jfreechart/src/test/java/org/jfree/chart/plot/compass/WindNeedleTest.java
/Users/harry/git/jfreechart/src/test/java/org/jfree/chart/plot/MeterPlotTest.java
/Users/harry/git/jfreechart/src/test/java/org/jfree/chart/labels/SymbolicXYItemLabelGeneratorTest.java
/Users/harry/git/jfreechart/src/test/java/org/jfree/chart/renderer/category/GanttRendererTest.java
/Users/harry/git/jfreechart/src/test/java/org/jfree/chart/renderer/xy/StackedXYAreaRenderer2Test.java
/Users/harry/git/jfreechart/src/test/java/org/jfree/chart/plot/MyPlotChangeListener.java
/Users/harry/git/jfreechart/src/test/java/org/jfree/data/statistics/HistogramBinTest.java
/Users/harry/git/jfreechart/src/test/java/org/jfree/data/xy/XYIntervalSeriesTest.java
/Users/harry/git/jfreechart/src/test/java/org/jfree/data/flow/FlowKeyTest.java
/Users/harry/git/jfreechart/src/test/java/org/jfree/data/xy/XYIntervalTest.java
/Users/harry/git/jfreechart/src/test/java/org/jfree/chart/legend/PaintScaleLegendTest.java
/Users/harry/git/jfreechart/src/test/java/org/jfree/data/statistics/SimpleHistogramDatasetTest.java
/Users/harry/git/jfreechart/src/test/java/org/jfree/chart/annotations/XYBoxAnnotationTest.java
/Users/harry/git/jfreechart/src/test/java/org/jfree/data/xy/DefaultXYDatasetTest.java
/Users/harry/git/jfreechart/src/test/java/org/jfree/data/KeyedObjectTest.java
/Users/harry/git/jfreechart/src/test/java/org/jfree/chart/legend/LegendTitleTest.java
/Users/harry/git/jfreechart/src/test/java/org/jfree/chart/annotations/XYImageAnnotationTest.java
/Users/harry/git/jfreechart/src/test/java/org/jfree/chart/urls/StandardPieURLGeneratorTest.java
/Users/harry/git/jfreechart/src/test/java/org/jfree/chart/axis/LogarithmicAxisTest.java
/Users/harry/git/jfreechart/src/test/java/org/jfree/data/DomainOrderTest.java
/Users/harry/git/jfreechart/src/test/java/org/jfree/data/flow/DefaultFlowDatasetTest.java
/Users/harry/git/jfreechart/src/test/java/org/jfree/chart/renderer/xy/XYBoxAndWhiskerRendererTest.java
/Users/harry/git/jfreechart/src/test/java/org/jfree/chart/renderer/category/WaterfallBarRendererTest.java
/Users/harry/git/jfreechart/src/test/java/org/jfree/chart/renderer/OutlierTest.java
/Users/harry/git/jfreechart/src/test/java/org/jfree/data/statistics/SimpleHistogramBinTest.java
/Users/harry/git/jfreechart/src/test/java/org/jfree/data/statistics/HistogramDatasetTest.java
/Users/harry/git/jfreechart/src/test/java/org/jfree/data/KeyedObjectsTest.java
/Users/harry/git/jfreechart/src/test/java/org/jfree/chart/block/LabelBlockTest.java
/Users/harry/git/jfreechart/src/test/java/org/jfree/chart/block/EmptyBlockTest.java
/Users/harry/git/jfreechart/src/test/java/org/jfree/chart/imagemap/ImageMapUtilsTest.java
/Users/harry/git/jfreechart/src/test/java/org/jfree/chart/plot/dial/DialPointerTest.java
/Users/harry/git/jfreechart/src/test/java/org/jfree/chart/labels/StandardCategoryItemLabelGeneratorTest.java
/Users/harry/git/jfreechart/src/test/java/org/jfree/chart/annotations/CategoryLineAnnotationTest.java
/Users/harry/git/jfreechart/src/test/java/org/jfree/data/xy/VectorSeriesCollectionTest.java
/Users/harry/git/jfreechart/src/test/java/org/jfree/chart/legend/LegendGraphicTest.java
/Users/harry/git/jfreechart/src/test/java/org/jfree/chart/labels/MultipleXYSeriesLabelGeneratorTest.java
/Users/harry/git/jfreechart/src/test/java/org/jfree/chart/plot/flow/FlowPlotTest.java
/Users/harry/git/jfreechart/src/test/java/org/jfree/data/statistics/DefaultBoxAndWhiskerCategoryDatasetTest.java
/Users/harry/git/jfreechart/src/test/java/org/jfree/data/xy/OHLCDataItemTest.java
/Users/harry/git/jfreechart/src/test/java/org/jfree/data/time/MillisecondTest.java
/Users/harry/git/jfreechart/src/test/java/org/jfree/chart/plot/MeterIntervalTest.java
/Users/harry/git/jfreechart/src/test/java/org/jfree/chart/JFreeChartTest.java
/Users/harry/git/jfreechart/src/test/java/org/jfree/chart/block/AbstractBlockTest.java
/Users/harry/git/jfreechart/src/test/java/org/jfree/data/time/HourTest.java
/Users/harry/git/jfreechart/src/test/java/org/jfree/chart/annotations/XYPolygonAnnotationTest.java
/Users/harry/git/jfreechart/src/test/java/org/jfree/data/category/SlidingCategoryDatasetTest.java
/Users/harry/git/jfreechart/src/test/java/org/jfree/chart/renderer/xy/XYErrorRendererTest.java
/Users/harry/git/jfreechart/src/test/java/org/jfree/data/xy/YIntervalTest.java
/Users/harry/git/jfreechart/src/test/java/org/jfree/chart/LineChartTest.java
/Users/harry/git/jfreechart/src/test/java/org/jfree/chart/plot/CategoryPlotTest.java
/Users/harry/git/jfreechart/src/test/java/org/jfree/data/xy/DefaultWindDatasetTest.java
/Users/harry/git/jfreechart/src/test/java/org/jfree/chart/plot/dial/DialBackgroundTest.java
/Users/harry/git/jfreechart/src/test/java/org/jfree/chart/plot/CategoryMarkerTest.java
/Users/harry/git/jfreechart/src/test/java/org/jfree/data/xy/DefaultTableXYDatasetTest.java
/Users/harry/git/jfreechart/src/test/java/org/jfree/chart/axis/LogAxisTest.java
/Users/harry/git/jfreechart/src/test/java/org/jfree/data/time/TimeTableXYDatasetTest.java
/Users/harry/git/jfreechart/src/test/java/org/jfree/data/general/DefaultKeyedValues2DDatasetTest.java
/Users/harry/git/jfreechart/src/test/java/org/jfree/data/xy/YIntervalSeriesTest.java
/Users/harry/git/jfreechart/src/test/java/org/jfree/chart/plot/IntervalMarkerTest.java
/Users/harry/git/jfreechart/src/test/java/org/jfree/chart/plot/dial/StandardDialScaleTest.java
/Users/harry/git/jfreechart/src/test/java/org/jfree/chart/ScatterPlotTest.java
/Users/harry/git/jfreechart/src/test/java/org/jfree/chart/renderer/xy/XYBlockRendererTest.java
/Users/harry/git/jfreechart/src/test/java/org/jfree/chart/axis/CategoryAnchorTest.java
/Users/harry/git/jfreechart/src/test/java/org/jfree/chart/annotations/XYLineAnnotationTest.java
/Users/harry/git/jfreechart/src/test/java/org/jfree/chart/axis/AxisSpaceTest.java
/Users/harry/git/jfreechart/src/test/java/org/jfree/chart/plot/RingPlotTest.java
/Users/harry/git/jfreechart/src/test/java/org/jfree/chart/renderer/xy/XYAreaRenderer2Test.java
/Users/harry/git/jfreechart/src/test/java/org/jfree/chart/entity/FlowEntityTest.java
/Users/harry/git/jfreechart/src/test/java/org/jfree/data/xy/YIntervalSeriesCollectionTest.java
/Users/harry/git/jfreechart/src/test/java/org/jfree/chart/plot/CombinedDomainXYPlotTest.java
/Users/harry/git/jfreechart/src/test/java/org/jfree/chart/entity/PieSectionEntityTest.java
/Users/harry/git/jfreechart/src/test/java/org/jfree/data/statistics/BoxAndWhiskerItemTest.java
/Users/harry/git/jfreechart/src/test/java/org/jfree/chart/annotations/CategoryTextAnnotationTest.java
/Users/harry/git/jfreechart/src/test/java/org/jfree/data/function/NormalDistributionFunction2DTest.java
/Users/harry/git/jfreechart/src/test/java/org/jfree/data/xy/DefaultIntervalXYDatasetTest.java
/Users/harry/git/jfreechart/src/test/java/org/jfree/chart/internal/HashUtilsTest.java
/Users/harry/git/jfreechart/src/test/java/org/jfree/data/xy/VectorDataItemTest.java
/Users/harry/git/jfreechart/src/test/java/org/jfree/chart/axis/QuarterDateFormatTest.java
/Users/harry/git/jfreechart/src/test/java/org/jfree/data/general/DefaultPieDatasetTest.java
/Users/harry/git/jfreechart/src/test/java/org/jfree/chart/block/ColorBlockTest.java
/Users/harry/git/jfreechart/src/test/java/org/jfree/chart/renderer/xy/XYLineAndShapeRendererTest.java
/Users/harry/git/jfreechart/src/test/java/org/jfree/chart/plot/XYPlotTest.java
/Users/harry/git/jfreechart/src/test/java/org/jfree/data/category/CategoryToPieDatasetTest.java
/Users/harry/git/jfreechart/src/test/java/org/jfree/chart/axis/PeriodAxisTest.java
/Users/harry/git/jfreechart/src/test/java/org/jfree/chart/ChartRenderingInfoTest.java
/Users/harry/git/jfreechart/src/test/java/org/jfree/chart/plot/dial/MyDialLayerChangeListener.java
/Users/harry/git/jfreechart/src/test/java/org/jfree/chart/entity/CategoryLabelEntityTest.java
/Users/harry/git/jfreechart/src/test/java/org/jfree/data/statistics/DefaultMultiValueCategoryDatasetTest.java
/Users/harry/git/jfreechart/src/test/java/org/jfree/chart/plot/CombinedRangeXYPlotTest.java
/Users/harry/git/jfreechart/src/test/java/org/jfree/chart/entity/StandardEntityCollectionTest.java
/Users/harry/git/jfreechart/src/test/java/org/jfree/chart/XYStepAreaChartTest.java
/Users/harry/git/jfreechart/src/test/java/org/jfree/chart/title/TitleTest.java
/Users/harry/git/jfreechart/src/test/java/org/jfree/chart/renderer/category/StackedBarRendererTest.java
/Users/harry/git/jfreechart/src/test/java/org/jfree/chart/api/RectangleAlignmentTest.java
/Users/harry/git/jfreechart/src/test/java/org/jfree/chart/labels/StandardPieSectionLabelGeneratorTest.java
/Users/harry/git/jfreechart/src/test/java/org/jfree/chart/imagemap/StandardToolTipTagFragmentGeneratorTest.java
/Users/harry/git/jfreechart/src/test/java/org/jfree/chart/plot/FastScatterPlotTest.java
/Users/harry/git/jfreechart/src/test/java/org/jfree/chart/title/CompositeTitleTest.java
/Users/harry/git/jfreechart/src/test/java/org/jfree/chart/renderer/xy/XYBezierRendererTest.java
/Users/harry/git/jfreechart/src/test/java/org/jfree/chart/plot/SpiderWebPlotTest.java
/Users/harry/git/jfreechart/src/test/java/org/jfree/data/xy/XYSeriesTest.java
/Users/harry/git/jfreechart/src/test/java/org/jfree/chart/entity/XYItemEntityTest.java
/Users/harry/git/jfreechart/src/test/java/org/jfree/data/general/DefaultKeyedValuesDatasetTest.java
/Users/harry/git/jfreechart/src/test/java/org/jfree/chart/axis/AxisTest.java
/Users/harry/git/jfreechart/src/test/java/org/jfree/chart/renderer/category/AreaRendererTest.java
/Users/harry/git/jfreechart/src/test/java/org/jfree/data/general/IntervalDataItem.java
/Users/harry/git/jfreechart/src/test/java/org/jfree/chart/plot/dial/DialCapTest.java
/Users/harry/git/jfreechart/src/test/java/org/jfree/chart/renderer/xy/XYAreaRendererTest.java
/Users/harry/git/jfreechart/src/test/java/org/jfree/chart/MeterChartTest.java
/Users/harry/git/jfreechart/src/test/java/org/jfree/chart/block/BlockBorderTest.java
/Users/harry/git/jfreechart/src/test/java/org/jfree/chart/axis/CategoryAxisTest.java
/Users/harry/git/jfreechart/src/test/java/org/jfree/data/ComparableObjectItemTest.java
/Users/harry/git/jfreechart/src/test/java/org/jfree/chart/block/FlowArrangementTest.java
/Users/harry/git/jfreechart/src/test/java/org/jfree/data/statistics/MeanAndStandardDeviationTest.java
/Users/harry/git/jfreechart/src/test/java/org/jfree/chart/renderer/category/GroupedStackedBarRendererTest.java
/Users/harry/git/jfreechart/src/test/java/org/jfree/chart/labels/HighLowItemLabelGeneratorTest.java
/Users/harry/git/jfreechart/src/test/java/org/jfree/chart/plot/ThermometerPlotTest.java
/Users/harry/git/jfreechart/src/test/java/org/jfree/data/DatasetChangeConfirmation.java
/Users/harry/git/jfreechart/src/test/java/org/jfree/data/DefaultKeyedValuesTest.java
/Users/harry/git/jfreechart/src/test/java/org/jfree/chart/labels/StandardPieToolTipGeneratorTest.java
/Users/harry/git/jfreechart/src/test/java/org/jfree/chart/annotations/XYTitleAnnotationTest.java
/Users/harry/git/jfreechart/src/test/java/org/jfree/chart/renderer/xy/DeviationRendererTest.java
/Users/harry/git/jfreechart/src/test/java/org/jfree/chart/TimeSeriesChartTest.java
/Users/harry/git/jfreechart/src/test/java/org/jfree/chart/renderer/category/IntervalBarRendererTest.java
/Users/harry/git/jfreechart/src/test/java/org/jfree/chart/annotations/XYShapeAnnotationTest.java
/Users/harry/git/jfreechart/src/test/java/org/jfree/data/time/YearTest.java
/Users/harry/git/jfreechart/src/test/java/org/jfree/chart/LegendItemTest.java
/Users/harry/git/jfreechart/src/test/java/org/jfree/data/statistics/DefaultStatisticalCategoryDatasetTest.java
/Users/harry/git/jfreechart/src/test/java/org/jfree/chart/labels/StandardCategorySeriesLabelGeneratorTest.java
/Users/harry/git/jfreechart/src/test/java/org/jfree/data/function/LineFunction2DTest.java
/Users/harry/git/jfreechart/src/test/java/org/jfree/chart/renderer/xy/VectorRendererTest.java
/Users/harry/git/jfreechart/src/test/java/org/jfree/data/RangeTypeTest.java
/Users/harry/git/jfreechart/src/test/java/org/jfree/chart/plot/CrosshairTest.java
/Users/harry/git/jfreechart/src/test/java/org/jfree/chart/labels/StandardCategoryToolTipGeneratorTest.java
/Users/harry/git/jfreechart/src/test/java/org/jfree/data/ComparableObjectSeriesTest.java
/Users/harry/git/jfreechart/src/test/java/org/jfree/data/xy/YIntervalDataItemTest.java
/Users/harry/git/jfreechart/src/test/java/org/jfree/chart/StackedBarChartTest.java
/Users/harry/git/jfreechart/src/test/java/org/jfree/chart/StackedAreaChartTest.java
/Users/harry/git/jfreechart/src/test/java/org/jfree/chart/renderer/DefaultPolarItemRendererTest.java
/Users/harry/git/jfreechart/src/test/java/org/jfree/chart/axis/CategoryTickTest.java
/Users/harry/git/jfreechart/src/test/java/org/jfree/chart/labels/StandardXYSeriesLabelGeneratorTest.java
/Users/harry/git/jfreechart/src/test/java/org/jfree/chart/plot/pie/PieLabelRecordTest.java
/Users/harry/git/jfreechart/src/test/java/org/jfree/chart/TestUtils.java
/Users/harry/git/jfreechart/src/test/java/org/jfree/chart/plot/dial/ArcDialFrameTest.java
/Users/harry/git/jfreechart/src/test/java/org/jfree/data/gantt/XYTaskDatasetTest.java
/Users/harry/git/jfreechart/src/test/java/org/jfree/data/xy/VectorTest.java
/Users/harry/git/jfreechart/src/test/java/org/jfree/chart/internal/SerialUtilsTest.java
/Users/harry/git/jfreechart/src/test/java/org/jfree/chart/renderer/xy/XYStepRendererTest.java
/Users/harry/git/jfreechart/src/test/java/org/jfree/data/general/DefaultKeyedValueDatasetTest.java
/Users/harry/git/jfreechart/src/test/java/org/jfree/chart/plot/compass/MiddlePinNeedleTest.java
/Users/harry/git/jfreechart/src/test/java/org/jfree/data/time/DateRangeTest.java
/Users/harry/git/jfreechart/src/test/java/org/jfree/data/statistics/DefaultBoxAndWhiskerXYDatasetTest.java
/Users/harry/git/jfreechart/src/test/java/org/jfree/chart/renderer/category/ScatterRendererTest.java
/Users/harry/git/jfreechart/src/test/java/org/jfree/chart/text/format/HMSNumberFormatTest.java
/Users/harry/git/jfreechart/src/test/java/org/jfree/chart/plot/compass/LongNeedleTest.java
/Users/harry/git/jfreechart/src/test/java/org/jfree/chart/PieChartTest.java
/Users/harry/git/jfreechart/src/test/java/org/jfree/chart/axis/CategoryLabelPositionsTest.java
/Users/harry/git/jfreechart/src/test/java/org/jfree/chart/renderer/category/StackedAreaRendererTest.java
/Users/harry/git/jfreechart/src/test/java/org/jfree/chart/internal/CloneUtilsTest.java
/Users/harry/git/jfreechart/src/test/java/org/jfree/chart/annotations/XYPointerAnnotationTest.java
/Users/harry/git/jfreechart/src/test/java/org/jfree/data/xy/XYDataItemTest.java
/Users/harry/git/jfreechart/src/test/java/org/jfree/data/time/TimeSeriesCollectionTest.java
/Users/harry/git/jfreechart/src/test/java/org/jfree/chart/labels/StandardFlowLabelGeneratorTest.java
/Users/harry/git/jfreechart/src/test/java/org/jfree/chart/title/TextTitleTest.java
/Users/harry/git/jfreechart/src/test/java/org/jfree/chart/plot/pie/PiePlotTest.java
/Users/harry/git/jfreechart/src/test/java/org/jfree/chart/swing/CrosshairOverlayTest.java
/Users/harry/git/jfreechart/src/test/java/org/jfree/chart/renderer/xy/XYBarRendererTest.java
/Users/harry/git/jfreechart/src/test/java/org/jfree/chart/XYBarChartTest.java
/Users/harry/git/jfreechart/src/test/java/org/jfree/chart/renderer/category/LayeredBarRendererTest.java
/Users/harry/git/jfreechart/src/test/java/org/jfree/chart/urls/StandardCategoryURLGeneratorTest.java
/Users/harry/git/jfreechart/src/test/java/org/jfree/chart/renderer/xy/CandlestickRendererTest.java
/Users/harry/git/jfreechart/src/test/java/org/jfree/chart/imagemap/DynamicDriveToolTipTagFragmentGeneratorTest.java
/Users/harry/git/jfreechart/src/test/java/org/jfree/chart/axis/TickUnitsTest.java
/Users/harry/git/jfreechart/src/test/java/org/jfree/chart/annotations/TextAnnotationTest.java
/Users/harry/git/jfreechart/src/test/java/org/jfree/data/gantt/SlidingGanttCategoryDatasetTest.java
/Users/harry/git/jfreechart/src/test/java/org/jfree/chart/labels/BoxAndWhiskerXYToolTipGeneratorTest.java
/Users/harry/git/jfreechart/src/test/java/org/jfree/chart/plot/DefaultDrawingSupplierTest.java
/Users/harry/git/jfreechart/src/test/java/org/jfree/chart/BarChartTest.java
/Users/harry/git/jfreechart/src/test/java/org/jfree/chart/GanttChartTest.java
/Users/harry/git/jfreechart/src/test/java/org/jfree/data/time/TimePeriodValuesCollectionTest.java
/Users/harry/git/jfreechart/src/test/java/org/jfree/chart/renderer/xy/YIntervalRendererTest.java
/Users/harry/git/jfreechart/src/test/java/org/jfree/chart/LegendItemCollectionTest.java
/Users/harry/git/jfreechart/src/test/java/org/jfree/chart/title/ShortTextTitleTest.java
/Users/harry/git/jfreechart/src/test/java/org/jfree/data/general/DefaultHeatMapDatasetTest.java
/Users/harry/git/jfreechart/src/test/java/org/jfree/data/xy/TableXYDatasetTest.java
/Users/harry/git/jfreechart/src/test/java/org/jfree/chart/renderer/xy/HighLowRendererTest.java
/Users/harry/git/jfreechart/src/test/java/org/jfree/chart/plot/dial/DialTextAnnotationTest.java
/Users/harry/git/jfreechart/src/test/java/org/jfree/chart/title/ImageTitleTest.java
/Users/harry/git/jfreechart/src/test/java/org/jfree/chart/labels/StandardXYItemLabelGeneratorTest.java
/Users/harry/git/jfreechart/src/test/java/org/jfree/chart/renderer/xy/StandardXYItemRendererTest.java
/Users/harry/git/jfreechart/src/test/java/org/jfree/chart/plot/compass/ShipNeedleTest.java
/Users/harry/git/jfreechart/src/test/java/org/jfree/data/xy/XIntervalSeriesCollectionTest.java
/Users/harry/git/jfreechart/src/test/java/org/jfree/data/xy/YWithXIntervalTest.java
/Users/harry/git/jfreechart/src/test/java/org/jfree/chart/renderer/category/LineAndShapeRendererTest.java
/Users/harry/git/jfreechart/src/test/java/org/jfree/data/time/TimePeriodValuesTest.java
/Users/harry/git/jfreechart/src/test/java/org/jfree/chart/renderer/GrayPaintScaleTest.java
/Users/harry/git/jfreechart/src/test/java/org/jfree/chart/labels/BoxAndWhiskerToolTipGeneratorTest.java
/Users/harry/git/jfreechart/src/test/java/org/jfree/data/xy/VectorSeriesTest.java
/Users/harry/git/jfreechart/src/test/java/org/jfree/chart/renderer/category/StatisticalBarRendererTest.java
/Users/harry/git/jfreechart/src/test/java/org/jfree/data/xy/XYBarDatasetTest.java
/Users/harry/git/jfreechart/src/test/java/org/jfree/data/xy/XIntervalSeriesTest.java
/Users/harry/git/jfreechart/src/test/java/org/jfree/chart/plot/compass/CompassPlotTest.java
/Users/harry/git/jfreechart/src/test/java/org/jfree/chart/renderer/xy/XYDifferenceRendererTest.java
/Users/harry/git/jfreechart/src/test/java/org/jfree/chart/renderer/xy/ClusteredXYBarRendererTest.java
/Users/harry/git/jfreechart/src/test/java/org/jfree/chart/renderer/AbstractRendererTest.java
/Users/harry/git/jfreechart/src/test/java/org/jfree/chart/annotations/CategoryPointerAnnotationTest.java
/Users/harry/git/jfreechart/src/test/java/org/jfree/data/xy/DefaultXYZDatasetTest.java
/Users/harry/git/jfreechart/src/test/java/org/jfree/chart/XYAreaChartTest.java
/Users/harry/git/jfreechart/src/test/java/org/jfree/chart/renderer/xy/StandardXYBarPainterTest.java
/Users/harry/git/jfreechart/src/test/java/org/jfree/data/gantt/TaskSeriesTest.java
/Users/harry/git/jfreechart/src/test/java/org/jfree/chart/renderer/xy/XYStepAreaRendererTest.java
/Users/harry/git/jfreechart/src/test/java/org/jfree/data/KeyToGroupMapTest.java
/Users/harry/git/jfreechart/src/test/java/org/jfree/data/time/TimePeriodAnchorTest.java
/Users/harry/git/jfreechart/src/test/java/org/jfree/chart/plot/CombinedDomainCategoryPlotTest.java
/Users/harry/git/jfreechart/src/test/java/org/jfree/data/time/MinuteTest.java
/Users/harry/git/jfreechart/src/test/java/org/jfree/chart/renderer/xy/StackedXYAreaRendererTest.java
/Users/harry/git/jfreechart/src/test/java/org/jfree/chart/plot/PlotRenderingInfoTest.java
/Users/harry/git/jfreechart/src/test/java/org/jfree/data/function/PowerFunction2DTest.java
/Users/harry/git/jfreechart/src/test/java/org/jfree/data/time/TimeSeriesTest.java
/Users/harry/git/jfreechart/src/test/java/org/jfree/chart/entity/CategoryItemEntityTest.java
/Users/harry/git/jfreechart/src/test/java/org/jfree/chart/plot/dial/StandardDialRangeTest.java
/Users/harry/git/jfreechart/src/test/java/org/jfree/chart/axis/MonthDateFormatTest.java
/Users/harry/git/jfreechart/src/test/java/org/jfree/data/time/ohlc/OHLCTest.java
/Users/harry/git/jfreechart/src/test/java/org/jfree/chart/plot/compass/PointerNeedleTest.java
/Users/harry/git/jfreechart/src/test/java/org/jfree/chart/labels/CustomXYItemLabelGeneratorTest.java
/Users/harry/git/jfreechart/src/test/java/org/jfree/chart/axis/ValueAxisTest.java
/Users/harry/git/jfreechart/src/test/java/org/jfree/data/time/SecondTest.java
/Users/harry/git/jfreechart/src/test/java/org/jfree/chart/axis/CategoryLabelWidthTypeTest.java
/Users/harry/git/jfreechart/src/test/java/org/jfree/data/statistics/BoxAndWhiskerCalculatorTest.java
/Users/harry/git/jfreechart/src/test/java/org/jfree/chart/labels/StandardXYZToolTipGeneratorTest.java
/Users/harry/git/jfreechart/src/test/java/org/jfree/chart/imagemap/OverLIBToolTipTagFragmentGeneratorTest.java
/Users/harry/git/jfreechart/src/test/java/org/jfree/data/KeyedObjects2DTest.java
/Users/harry/git/jfreechart/src/test/java/org/jfree/data/time/ohlc/OHLCItemTest.java
/Users/harry/git/jfreechart/src/test/java/org/jfree/data/general/DatasetUtilsTest.java
/Users/harry/git/jfreechart/src/test/java/org/jfree/chart/renderer/xy/RendererXYPackageUtils.java
/Users/harry/git/jfreechart/src/test/java/org/jfree/chart/labels/ItemLabelAnchorTest.java
/Users/harry/git/jfreechart/src/test/java/org/jfree/chart/renderer/category/DefaultCategoryItemRendererTest.java
/Users/harry/git/jfreechart/src/test/java/org/jfree/chart/axis/MarkerAxisBandTest.java
/Users/harry/git/jfreechart/src/test/java/org/jfree/chart/renderer/category/BarRendererTest.java
/Users/harry/git/jfreechart/src/test/java/org/jfree/chart/renderer/AreaRendererEndTypeTest.java
/Users/harry/git/jfreechart/src/test/java/org/jfree/data/flow/NodeKeyTest.java
/Users/harry/git/jfreechart/src/test/java/org/jfree/chart/block/BorderArrangementTest.java
/Users/harry/git/jfreechart/src/test/java/org/jfree/chart/renderer/category/AbstractCategoryItemRendererTest.java
/Users/harry/git/jfreechart/src/test/java/org/jfree/chart/plot/ValueMarkerTest.java
/Users/harry/git/jfreechart/src/test/java/org/jfree/chart/plot/CombinedRangeCategoryPlotTest.java
/Users/harry/git/jfreechart/src/test/java/org/jfree/chart/block/BlockContainerTest.java
/Users/harry/git/jfreechart/src/test/java/org/jfree/data/category/DefaultCategoryDatasetTest.java
